Archive member included to satisfy reference by file (symbol)

d:/stem lab/stm32f3/stm32cubeide_1.12.0/stm32cubeide/plugins/com.st.stm32cube.ide.mcu.externaltools.gnu-tools-for-stm32.10.3-2021.10.win32_1.0.200.202301161003/tools/bin/../lib/gcc/arm-none-eabi/10.3.1/../../../../arm-none-eabi/lib/thumb/v7e-m+fp/hard\libc_nano.a(lib_a-errno.o)
                              ./Core/Src/syscalls.o (__errno)
d:/stem lab/stm32f3/stm32cubeide_1.12.0/stm32cubeide/plugins/com.st.stm32cube.ide.mcu.externaltools.gnu-tools-for-stm32.10.3-2021.10.win32_1.0.200.202301161003/tools/bin/../lib/gcc/arm-none-eabi/10.3.1/../../../../arm-none-eabi/lib/thumb/v7e-m+fp/hard\libc_nano.a(lib_a-exit.o)
                              d:/stem lab/stm32f3/stm32cubeide_1.12.0/stm32cubeide/plugins/com.st.stm32cube.ide.mcu.externaltools.gnu-tools-for-stm32.10.3-2021.10.win32_1.0.200.202301161003/tools/bin/../lib/gcc/arm-none-eabi/10.3.1/../../../../arm-none-eabi/lib/thumb/v7e-m+fp/hard/crt0.o (exit)
d:/stem lab/stm32f3/stm32cubeide_1.12.0/stm32cubeide/plugins/com.st.stm32cube.ide.mcu.externaltools.gnu-tools-for-stm32.10.3-2021.10.win32_1.0.200.202301161003/tools/bin/../lib/gcc/arm-none-eabi/10.3.1/../../../../arm-none-eabi/lib/thumb/v7e-m+fp/hard\libc_nano.a(lib_a-impure.o)
                              d:/stem lab/stm32f3/stm32cubeide_1.12.0/stm32cubeide/plugins/com.st.stm32cube.ide.mcu.externaltools.gnu-tools-for-stm32.10.3-2021.10.win32_1.0.200.202301161003/tools/bin/../lib/gcc/arm-none-eabi/10.3.1/../../../../arm-none-eabi/lib/thumb/v7e-m+fp/hard\libc_nano.a(lib_a-exit.o) (_global_impure_ptr)
d:/stem lab/stm32f3/stm32cubeide_1.12.0/stm32cubeide/plugins/com.st.stm32cube.ide.mcu.externaltools.gnu-tools-for-stm32.10.3-2021.10.win32_1.0.200.202301161003/tools/bin/../lib/gcc/arm-none-eabi/10.3.1/../../../../arm-none-eabi/lib/thumb/v7e-m+fp/hard\libc_nano.a(lib_a-init.o)
                              d:/stem lab/stm32f3/stm32cubeide_1.12.0/stm32cubeide/plugins/com.st.stm32cube.ide.mcu.externaltools.gnu-tools-for-stm32.10.3-2021.10.win32_1.0.200.202301161003/tools/bin/../lib/gcc/arm-none-eabi/10.3.1/../../../../arm-none-eabi/lib/thumb/v7e-m+fp/hard/crt0.o (__libc_init_array)
d:/stem lab/stm32f3/stm32cubeide_1.12.0/stm32cubeide/plugins/com.st.stm32cube.ide.mcu.externaltools.gnu-tools-for-stm32.10.3-2021.10.win32_1.0.200.202301161003/tools/bin/../lib/gcc/arm-none-eabi/10.3.1/../../../../arm-none-eabi/lib/thumb/v7e-m+fp/hard\libc_nano.a(lib_a-memset.o)
                              d:/stem lab/stm32f3/stm32cubeide_1.12.0/stm32cubeide/plugins/com.st.stm32cube.ide.mcu.externaltools.gnu-tools-for-stm32.10.3-2021.10.win32_1.0.200.202301161003/tools/bin/../lib/gcc/arm-none-eabi/10.3.1/../../../../arm-none-eabi/lib/thumb/v7e-m+fp/hard/crt0.o (memset)
d:/stem lab/stm32f3/stm32cubeide_1.12.0/stm32cubeide/plugins/com.st.stm32cube.ide.mcu.externaltools.gnu-tools-for-stm32.10.3-2021.10.win32_1.0.200.202301161003/tools/bin/../lib/gcc/arm-none-eabi/10.3.1/thumb/v7e-m+fp/hard\libgcc.a(_arm_muldf3.o)
                              ./Core/Src/main.o (__aeabi_dmul)
d:/stem lab/stm32f3/stm32cubeide_1.12.0/stm32cubeide/plugins/com.st.stm32cube.ide.mcu.externaltools.gnu-tools-for-stm32.10.3-2021.10.win32_1.0.200.202301161003/tools/bin/../lib/gcc/arm-none-eabi/10.3.1/thumb/v7e-m+fp/hard\libgcc.a(_arm_addsubdf3.o)
                              ./Core/Src/main.o (__aeabi_dsub)
d:/stem lab/stm32f3/stm32cubeide_1.12.0/stm32cubeide/plugins/com.st.stm32cube.ide.mcu.externaltools.gnu-tools-for-stm32.10.3-2021.10.win32_1.0.200.202301161003/tools/bin/../lib/gcc/arm-none-eabi/10.3.1/thumb/v7e-m+fp/hard\libgcc.a(_arm_muldivdf3.o)
                              ./Core/Src/main.o (__aeabi_ddiv)
d:/stem lab/stm32f3/stm32cubeide_1.12.0/stm32cubeide/plugins/com.st.stm32cube.ide.mcu.externaltools.gnu-tools-for-stm32.10.3-2021.10.win32_1.0.200.202301161003/tools/bin/../lib/gcc/arm-none-eabi/10.3.1/thumb/v7e-m+fp/hard\libgcc.a(_arm_cmpdf2.o)
                              ./Core/Src/main.o (__aeabi_dcmplt)
d:/stem lab/stm32f3/stm32cubeide_1.12.0/stm32cubeide/plugins/com.st.stm32cube.ide.mcu.externaltools.gnu-tools-for-stm32.10.3-2021.10.win32_1.0.200.202301161003/tools/bin/../lib/gcc/arm-none-eabi/10.3.1/thumb/v7e-m+fp/hard\libgcc.a(_arm_fixdfsi.o)
                              ./Core/Src/main.o (__aeabi_d2iz)
d:/stem lab/stm32f3/stm32cubeide_1.12.0/stm32cubeide/plugins/com.st.stm32cube.ide.mcu.externaltools.gnu-tools-for-stm32.10.3-2021.10.win32_1.0.200.202301161003/tools/bin/../lib/gcc/arm-none-eabi/10.3.1/thumb/v7e-m+fp/hard\libgcc.a(_arm_truncdfsf2.o)
                              ./Core/Src/main.o (__aeabi_d2f)
d:/stem lab/stm32f3/stm32cubeide_1.12.0/stm32cubeide/plugins/com.st.stm32cube.ide.mcu.externaltools.gnu-tools-for-stm32.10.3-2021.10.win32_1.0.200.202301161003/tools/bin/../lib/gcc/arm-none-eabi/10.3.1/thumb/v7e-m+fp/hard\libgcc.a(_aeabi_uldivmod.o)
                              ./Drivers/STM32F4xx_HAL_Driver/Src/stm32f4xx_hal_rcc.o (__aeabi_uldivmod)
[...]
Memory Configuration

Name             Origin             Length             Attributes
RAM              0x0000000020000000 0x0000000000010000 xrw
FLASH            0x0000000008000000 0x0000000000040000 xr
*default*        0x0000000000000000 0xffffffffffffffff

Linker script and memory map

LOAD d:/stem lab/stm32f3/stm32cubeide_1.12.0/stm32cubeide/plugins/com.st.stm32cube.ide.mcu.externaltools.gnu-tools-for-stm32.10.3-2021.10.win32_1.0.200.202301161003/tools/bin/../lib/gcc/arm-none-eabi/10.3.1/thumb/v7e-m+fp/hard/crti.o
LOAD d:/stem lab/stm32f3/stm32cubeide_1.12.0/stm32cubeide/plugins/com.st.stm32cube.ide.mcu.externaltools.gnu-tools-for-stm32.10.3-2021.10.win32_1.0.200.202301161003/tools/bin/../lib/gcc/arm-none-eabi/10.3.1/thumb/v7e-m+fp/hard/crtbegin.o
LOAD d:/stem lab/stm32f3/stm32cubeide_1.12.0/stm32cubeide/plugins/com.st.stm32cube.ide.mcu.externaltools.gnu-tools-for-stm32.10.3-2021.10.win32_1.0.200.202301161003/tools/bin/../lib/gcc/arm-none-eabi/10.3.1/../../../../arm-none-eabi/lib/thumb/v7e-m+fp/hard/crt0.o
LOAD ./Core/Src/NRF24L01.o
LOAD ./Core/Src/dma.o
LOAD ./Core/Src/gpio.o
LOAD ./Core/Src/main.o
LOAD ./Core/Src/spi.o
LOAD ./Core/Src/stm32f4xx_hal_msp.o
LOAD ./Core/Src/stm32f4xx_it.o
LOAD ./Core/Src/syscalls.o
LOAD ./Core/Src/sysmem.o
LOAD ./Core/Src/system_stm32f4xx.o
LOAD ./Core/Src/tim.o
LOAD ./Core/Startup/startup_stm32f401ccux.o
LOAD ./Drivers/STM32F4xx_HAL_Driver/Src/stm32f4xx_hal.o
LOAD ./Drivers/STM32F4xx_HAL_Driver/Src/stm32f4xx_hal_cortex.o
LOAD ./Drivers/STM32F4xx_HAL_Driver/Src/stm32f4xx_hal_dma.o
LOAD ./Drivers/STM32F4xx_HAL_Driver/Src/stm32f4xx_hal_dma_ex.o
LOAD ./Drivers/STM32F4xx_HAL_Driver/Src/stm32f4xx_hal_exti.o
LOAD ./Drivers/STM32F4xx_HAL_Driver/Src/stm32f4xx_hal_flash.o
LOAD ./Drivers/STM32F4xx_HAL_Driver/Src/stm32f4xx_hal_flash_ex.o
LOAD ./Drivers/STM32F4xx_HAL_Driver/Src/stm32f4xx_hal_flash_ramfunc.o
LOAD ./Drivers/STM32F4xx_HAL_Driver/Src/stm32f4xx_hal_gpio.o
LOAD ./Drivers/STM32F4xx_HAL_Driver/Src/stm32f4xx_hal_pwr.o
LOAD ./Drivers/STM32F4xx_HAL_Driver/Src/stm32f4xx_hal_pwr_ex.o
LOAD ./Drivers/STM32F4xx_HAL_Driver/Src/stm32f4xx_hal_rcc.o
LOAD ./Drivers/STM32F4xx_HAL_Driver/Src/stm32f4xx_hal_rcc_ex.o
LOAD ./Drivers/STM32F4xx_HAL_Driver/Src/stm32f4xx_hal_spi.o
LOAD ./Drivers/STM32F4xx_HAL_Driver/Src/stm32f4xx_hal_tim.o
LOAD ./Drivers/STM32F4xx_HAL_Driver/Src/stm32f4xx_hal_tim_ex.o
START GROUP
LOAD d:/stem lab/stm32f3/stm32cubeide_1.12.0/stm32cubeide/plugins/com.st.stm32cube.ide.mcu.externaltools.gnu-tools-for-stm32.10.3-2021.10.win32_1.0.200.202301161003/tools/bin/../lib/gcc/arm-none-eabi/10.3.1/../../../../arm-none-eabi/lib/thumb/v7e-m+fp/hard\libc_nano.a
LOAD d:/stem lab/stm32f3/stm32cubeide_1.12.0/stm32cubeide/plugins/com.st.stm32cube.ide.mcu.externaltools.gnu-tools-for-stm32.10.3-2021.10.win32_1.0.200.202301161003/tools/bin/../lib/gcc/arm-none-eabi/10.3.1/../../../../arm-none-eabi/lib/thumb/v7e-m+fp/hard\libm.a
END GROUP
START GROUP
LOAD d:/stem lab/stm32f3/stm32cubeide_1.12.0/stm32cubeide/plugins/com.st.stm32cube.ide.mcu.externaltools.gnu-tools-for-stm32.10.3-2021.10.win32_1.0.200.202301161003/tools/bin/../lib/gcc/arm-none-eabi/10.3.1/thumb/v7e-m+fp/hard\libgcc.a
LOAD d:/stem lab/stm32f3/stm32cubeide_1.12.0/stm32cubeide/plugins/com.st.stm32cube.ide.mcu.externaltools.gnu-tools-for-stm32.10.3-2021.10.win32_1.0.200.202301161003/tools/bin/../lib/gcc/arm-none-eabi/10.3.1/../../../../arm-none-eabi/lib/thumb/v7e-m+fp/hard\libc_nano.a
END GROUP
START GROUP
LOAD d:/stem lab/stm32f3/stm32cubeide_1.12.0/stm32cubeide/plugins/com.st.stm32cube.ide.mcu.externaltools.gnu-tools-for-stm32.10.3-2021.10.win32_1.0.200.202301161003/tools/bin/../lib/gcc/arm-none-eabi/10.3.1/thumb/v7e-m+fp/hard\libgcc.a
LOAD d:/stem lab/stm32f3/stm32cubeide_1.12.0/stm32cubeide/plugins/com.st.stm32cube.ide.mcu.externaltools.gnu-tools-for-stm32.10.3-2021.10.win32_1.0.200.202301161003/tools/bin/../lib/gcc/arm-none-eabi/10.3.1/../../../../arm-none-eabi/lib/thumb/v7e-m+fp/hard\libc_nano.a
LOAD d:/stem lab/stm32f3/stm32cubeide_1.12.0/stm32cubeide/plugins/com.st.stm32cube.ide.mcu.externaltools.gnu-tools-for-stm32.10.3-2021.10.win32_1.0.200.202301161003/tools/bin/../lib/gcc/arm-none-eabi/10.3.1/../../../../arm-none-eabi/lib/thumb/v7e-m+fp/hard\libnosys.a
END GROUP
START GROUP
LOAD d:/stem lab/stm32f3/stm32cubeide_1.12.0/stm32cubeide/plugins/com.st.stm32cube.ide.mcu.externaltools.gnu-tools-for-stm32.10.3-2021.10.win32_1.0.200.202301161003/tools/bin/../lib/gcc/arm-none-eabi/10.3.1/thumb/v7e-m+fp/hard\libgcc.a
LOAD d:/stem lab/stm32f3/stm32cubeide_1.12.0/stm32cubeide/plugins/com.st.stm32cube.ide.mcu.externaltools.gnu-tools-for-stm32.10.3-2021.10.win32_1.0.200.202301161003/tools/bin/../lib/gcc/arm-none-eabi/10.3.1/../../../../arm-none-eabi/lib/thumb/v7e-m+fp/hard\libc_nano.a
LOAD d:/stem lab/stm32f3/stm32cubeide_1.12.0/stm32cubeide/plugins/com.st.stm32cube.ide.mcu.externaltools.gnu-tools-for-stm32.10.3-2021.10.win32_1.0.200.202301161003/tools/bin/../lib/gcc/arm-none-eabi/10.3.1/../../../../arm-none-eabi/lib/thumb/v7e-m+fp/hard\libnosys.a
END GROUP
LOAD d:/stem lab/stm32f3/stm32cubeide_1.12.0/stm32cubeide/plugins/com.st.stm32cube.ide.mcu.externaltools.gnu-tools-for-stm32.10.3-2021.10.win32_1.0.200.202301161003/tools/bin/../lib/gcc/arm-none-eabi/10.3.1/thumb/v7e-m+fp/hard/crtend.o
LOAD d:/stem lab/stm32f3/stm32cubeide_1.12.0/stm32cubeide/plugins/com.st.stm32cube.ide.mcu.externaltools.gnu-tools-for-stm32.10.3-2021.10.win32_1.0.200.202301161003/tools/bin/../lib/gcc/arm-none-eabi/10.3.1/thumb/v7e-m+fp/hard/crtn.o
                0x0000000020010000                _estack = (ORIGIN (RAM) + LENGTH (RAM))
                0x0000000000000200                _Min_Heap_Size = 0x200
                0x0000000000000400                _Min_Stack_Size = 0x400

.isr_vector     0x0000000008000000      0x194
                0x0000000008000000                . = ALIGN (0x4)
 *(.isr_vector)
 .isr_vector    0x0000000008000000      0x194 ./Core/Startup/startup_stm32f401ccux.o
                0x0000000008000000                g_pfnVectors
                0x0000000008000194                . = ALIGN (0x4)

.text           0x0000000008000198     0x5948
                0x0000000008000198                . = ALIGN (0x4)
 *(.text)
 .text          0x0000000008000198       0x40 d:/stem lab/stm32f3/stm32cubeide_1.12.0/stm32cubeide/plugins/com.st.stm32cube.ide.mcu.externaltools.gnu-tools-for-stm32.10.3-2021.10.win32_1.0.200.202301161003/tools/bin/../lib/gcc/arm-none-eabi/10.3.1/thumb/v7e-m+fp/hard/crtbegin.o
 .text          0x00000000080001d8      0x378 d:/stem lab/stm32f3/stm32cubeide_1.12.0/stm32cubeide/plugins/com.st.stm32cube.ide.mcu.externaltools.gnu-tools-for-stm32.10.3-2021.10.win32_1.0.200.202301161003/tools/bin/../lib/gcc/arm-none-eabi/10.3.1/thumb/v7e-m+fp/hard\libgcc.a(_arm_addsubdf3.o)
                0x00000000080001d8                __aeabi_drsub
                0x00000000080001e0                __aeabi_dsub
                0x00000000080001e0                __subdf3
                0x00000000080001e4                __aeabi_dadd
                0x00000000080001e4                __adddf3
                0x000000000800045c                __floatunsidf
                0x000000000800045c                __aeabi_ui2d
                0x000000000800047c                __floatsidf
                0x000000000800047c                __aeabi_i2d
                0x00000000080004a0                __aeabi_f2d
                0x00000000080004a0                __extendsfdf2
                0x00000000080004e4                __floatundidf
                0x00000000080004e4                __aeabi_ul2d
                0x00000000080004f4                __floatdidf
                0x00000000080004f4                __aeabi_l2d
 .text          0x0000000008000550      0x424 d:/stem lab/stm32f3/stm32cubeide_1.12.0/stm32cubeide/plugins/com.st.stm32cube.ide.mcu.externaltools.gnu-tools-for-stm32.10.3-2021.10.win32_1.0.200.202301161003/tools/bin/../lib/gcc/arm-none-eabi/10.3.1/thumb/v7e-m+fp/hard\libgcc.a(_arm_muldivdf3.o)
                0x0000000008000550                __aeabi_dmul
                0x0000000008000550                __muldf3
                0x00000000080007a4                __divdf3
                0x00000000080007a4                __aeabi_ddiv
 .text          0x0000000008000974      0x110 d:/stem lab/stm32f3/stm32cubeide_1.12.0/stm32cubeide/plugins/com.st.stm32cube.ide.mcu.externaltools.gnu-tools-for-stm32.10.3-2021.10.win32_1.0.200.202301161003/tools/bin/../lib/gcc/arm-none-eabi/10.3.1/thumb/v7e-m+fp/hard\libgcc.a(_arm_cmpdf2.o)
                0x0000000008000974                __gtdf2
                0x0000000008000974                __gedf2
                0x000000000800097c                __ltdf2
                0x000000000800097c                __ledf2
                0x0000000008000984                __nedf2
                0x0000000008000984                __eqdf2
                0x0000000008000984                __cmpdf2
                0x0000000008000a00                __aeabi_cdrcmple
                0x0000000008000a10                __aeabi_cdcmpeq
                0x0000000008000a10                __aeabi_cdcmple
                0x0000000008000a20                __aeabi_dcmpeq
                0x0000000008000a34                __aeabi_dcmplt
                0x0000000008000a48                __aeabi_dcmple
                0x0000000008000a5c                __aeabi_dcmpge
                0x0000000008000a70                __aeabi_dcmpgt
 .text          0x0000000008000a84       0x50 d:/stem lab/stm32f3/stm32cubeide_1.12.0/stm32cubeide/plugins/com.st.stm32cube.ide.mcu.externaltools.gnu-tools-for-stm32.10.3-2021.10.win32_1.0.200.202301161003/tools/bin/../lib/gcc/arm-none-eabi/10.3.1/thumb/v7e-m+fp/hard\libgcc.a(_arm_fixdfsi.o)
                0x0000000008000a84                __aeabi_d2iz
                0x0000000008000a84                __fixdfsi
 .text          0x0000000008000ad4       0xa0 d:/stem lab/stm32f3/stm32cubeide_1.12.0/stm32cubeide/plugins/com.st.stm32cube.ide.mcu.externaltools.gnu-tools-for-stm32.10.3-2021.10.win32_1.0.200.202301161003/tools/bin/../lib/gcc/arm-none-eabi/10.3.1/thumb/v7e-m+fp/hard\libgcc.a(_arm_truncdfsf2.o)
                0x0000000008000ad4                __truncdfsf2
                0x0000000008000ad4                __aeabi_d2f
 .text          0x0000000008000b74       0x30 d:/stem lab/stm32f3/stm32cubeide_1.12.0/stm32cubeide/plugins/com.st.stm32cube.ide.mcu.externaltools.gnu-tools-for-stm32.10.3-2021.10.win32_1.0.200.202301161003/tools/bin/../lib/gcc/arm-none-eabi/10.3.1/thumb/v7e-m+fp/hard\libgcc.a(_aeabi_uldivmod.o)
                0x0000000008000b74                __aeabi_uldivmod
 .text          0x0000000008000ba4      0x2d0 d:/stem lab/stm32f3/stm32cubeide_1.12.0/stm32cubeide/plugins/com.st.stm32cube.ide.mcu.externaltools.gnu-tools-for-stm32.10.3-2021.10.win32_1.0.200.202301161003/tools/bin/../lib/gcc/arm-none-eabi/10.3.1/thumb/v7e-m+fp/hard\libgcc.a(_udivmoddi4.o)
                0x0000000008000ba4                __udivmoddi4
 .text          0x0000000008000e74        0x4 d:/stem lab/stm32f3/stm32cubeide_1.12.0/stm32cubeide/plugins/com.st.stm32cube.ide.mcu.externaltools.gnu-tools-for-stm32.10.3-2021.10.win32_1.0.200.202301161003/tools/bin/../lib/gcc/arm-none-eabi/10.3.1/thumb/v7e-m+fp/hard\libgcc.a(_dvmd_tls.o)
                0x0000000008000e74                __aeabi_idiv0
                0x0000000008000e74                __aeabi_ldiv0
 *(.text*)
 .text.nrf24_WriteReg
                0x0000000008000e78       0x50 ./Core/Src/NRF24L01.o
 .text.nrf24_WriteReg_Multi
                0x0000000008000ec8       0x58 ./Core/Src/NRF24L01.o
 .text.nrf24_ReadReg
                0x0000000008000f20       0x4c ./Core/Src/NRF24L01.o
 .text.nrfsendCmd
                0x0000000008000f6c       0x3c ./Core/Src/NRF24L01.o
 .text.nrf24_reset
                0x0000000008000fa8      0x150 ./Core/Src/NRF24L01.o
                0x0000000008000fa8                nrf24_reset
 .text.NRF24_Init
                0x00000000080010f8       0x54 ./Core/Src/NRF24L01.o
                0x00000000080010f8                NRF24_Init
 .text.SetRF    0x000000000800114c       0x78 ./Core/Src/NRF24L01.o
                0x000000000800114c                SetRF
 .text.NRF24_RxMode
                0x00000000080011c4       0x7c ./Core/Src/NRF24L01.o
                0x00000000080011c4                NRF24_RxMode
 .text.DataReady
                0x0000000008001240       0x46 ./Core/Src/NRF24L01.o
                0x0000000008001240                DataReady
 .text.RxFifoEmpty
                0x0000000008001286       0x1a ./Core/Src/NRF24L01.o
                0x0000000008001286                RxFifoEmpty
 .text.NRF24_Receive
                0x00000000080012a0       0x64 ./Core/Src/NRF24L01.o
                0x00000000080012a0                NRF24_Receive
 .text.MX_DMA_Init
                0x0000000008001304       0x50 ./Core/Src/dma.o
                0x0000000008001304                MX_DMA_Init
 .text.MX_GPIO_Init
                0x0000000008001354      0x1b0 ./Core/Src/gpio.o
                0x0000000008001354                MX_GPIO_Init
 .text.map      0x0000000008001504       0x8c ./Core/Src/main.o
                0x0000000008001504                map
 .text.HAL_GPIO_EXTI_Callback
                0x0000000008001590       0xac ./Core/Src/main.o
                0x0000000008001590                HAL_GPIO_EXTI_Callback
 *fill*         0x000000000800163c        0x4 
 .text.Kinematic_Omni_Wheels
                0x0000000008001640      0x288 ./Core/Src/main.o
                0x0000000008001640                Kinematic_Omni_Wheels
 .text.Encoder_M
                0x00000000080018c8      0x18c ./Core/Src/main.o
                0x00000000080018c8                Encoder_M
 *fill*         0x0000000008001a54        0x4 
 .text.PID_Speed_Output
                0x0000000008001a58      0x44c ./Core/Src/main.o
                0x0000000008001a58                PID_Speed_Output
 .text.Motor_Speed
                0x0000000008001ea4      0x20c ./Core/Src/main.o
                0x0000000008001ea4                Motor_Speed
 .text.reset_data
                0x00000000080020b0       0x44 ./Core/Src/main.o
                0x00000000080020b0                reset_data
 *fill*         0x00000000080020f4        0x4 
 .text.main     0x00000000080020f8      0x1f0 ./Core/Src/main.o
                0x00000000080020f8                main
 .text.SystemClock_Config
                0x00000000080022e8       0xd4 ./Core/Src/main.o
                0x00000000080022e8                SystemClock_Config
 .text.Error_Handler
                0x00000000080023bc        0xa ./Core/Src/main.o
                0x00000000080023bc                Error_Handler
 *fill*         0x00000000080023c6        0x2 
 .text.MX_SPI1_Init
                0x00000000080023c8       0x6c ./Core/Src/spi.o
                0x00000000080023c8                MX_SPI1_Init
 .text.HAL_SPI_MspInit
                0x0000000008002434       0x90 ./Core/Src/spi.o
                0x0000000008002434                HAL_SPI_MspInit
 .text.HAL_MspInit
                0x00000000080024c4       0x50 ./Core/Src/stm32f4xx_hal_msp.o
                0x00000000080024c4                HAL_MspInit
 .text.NMI_Handler
                0x0000000008002514        0x6 ./Core/Src/stm32f4xx_it.o
                0x0000000008002514                NMI_Handler
 .text.HardFault_Handler
                0x000000000800251a        0x6 ./Core/Src/stm32f4xx_it.o
                0x000000000800251a                HardFault_Handler
 .text.MemManage_Handler
                0x0000000008002520        0x6 ./Core/Src/stm32f4xx_it.o
                0x0000000008002520                MemManage_Handler
 .text.BusFault_Handler
                0x0000000008002526        0x6 ./Core/Src/stm32f4xx_it.o
                0x0000000008002526                BusFault_Handler
 .text.UsageFault_Handler
                0x000000000800252c        0x6 ./Core/Src/stm32f4xx_it.o
                0x000000000800252c                UsageFault_Handler
 .text.SVC_Handler
                0x0000000008002532        0xe ./Core/Src/stm32f4xx_it.o
                0x0000000008002532                SVC_Handler
 .text.DebugMon_Handler
                0x0000000008002540        0xe ./Core/Src/stm32f4xx_it.o
                0x0000000008002540                DebugMon_Handler
 .text.PendSV_Handler
                0x000000000800254e        0xe ./Core/Src/stm32f4xx_it.o
                0x000000000800254e                PendSV_Handler
 .text.SysTick_Handler
                0x000000000800255c        0xc ./Core/Src/stm32f4xx_it.o
                0x000000000800255c                SysTick_Handler
 .text.EXTI2_IRQHandler
                0x0000000008002568        0xe ./Core/Src/stm32f4xx_it.o
                0x0000000008002568                EXTI2_IRQHandler
 .text.EXTI4_IRQHandler
                0x0000000008002576        0xe ./Core/Src/stm32f4xx_it.o
                0x0000000008002576                EXTI4_IRQHandler
 .text.DMA1_Stream6_IRQHandler
                0x0000000008002584       0x14 ./Core/Src/stm32f4xx_it.o
                0x0000000008002584                DMA1_Stream6_IRQHandler
 .text.EXTI9_5_IRQHandler
                0x0000000008002598        0xe ./Core/Src/stm32f4xx_it.o
                0x0000000008002598                EXTI9_5_IRQHandler
 .text.EXTI15_10_IRQHandler
                0x00000000080025a6       0x30 ./Core/Src/stm32f4xx_it.o
                0x00000000080025a6                EXTI15_10_IRQHandler
 *fill*         0x00000000080025d6        0x2 
 .text.DMA1_Stream7_IRQHandler
                0x00000000080025d8       0x14 ./Core/Src/stm32f4xx_it.o
                0x00000000080025d8                DMA1_Stream7_IRQHandler
 .text.SystemInit
                0x00000000080025ec       0x24 ./Core/Src/system_stm32f4xx.o
                0x00000000080025ec                SystemInit
 .text.MX_TIM1_Init
                0x0000000008002610       0xa0 ./Core/Src/tim.o
                0x0000000008002610                MX_TIM1_Init
 .text.MX_TIM2_Init
                0x00000000080026b0      0x12c ./Core/Src/tim.o
                0x00000000080026b0                MX_TIM2_Init
 .text.MX_TIM3_Init
                0x00000000080027dc      0x130 ./Core/Src/tim.o
                0x00000000080027dc                MX_TIM3_Init
 .text.MX_TIM4_Init
                0x000000000800290c       0xec ./Core/Src/tim.o
                0x000000000800290c                MX_TIM4_Init
 .text.HAL_TIM_Base_MspInit
                0x00000000080029f8      0x194 ./Core/Src/tim.o
                0x00000000080029f8                HAL_TIM_Base_MspInit
 .text.HAL_TIM_MspPostInit
                0x0000000008002b8c      0x148 ./Core/Src/tim.o
                0x0000000008002b8c                HAL_TIM_MspPostInit
 .text.Reset_Handler
                0x0000000008002cd4       0x50 ./Core/Startup/startup_stm32f401ccux.o
                0x0000000008002cd4                Reset_Handler
 .text.Default_Handler
                0x0000000008002d24        0x2 ./Core/Startup/startup_stm32f401ccux.o
                0x0000000008002d24                RTC_Alarm_IRQHandler
                0x0000000008002d24                SPI4_IRQHandler
                0x0000000008002d24                TIM1_CC_IRQHandler
                0x0000000008002d24                DMA2_Stream5_IRQHandler
                0x0000000008002d24                DMA1_Stream5_IRQHandler
                0x0000000008002d24                PVD_IRQHandler
                0x0000000008002d24                SDIO_IRQHandler
                0x0000000008002d24                TAMP_STAMP_IRQHandler
                0x0000000008002d24                EXTI3_IRQHandler
                0x0000000008002d24                TIM1_UP_TIM10_IRQHandler
                0x0000000008002d24                I2C3_ER_IRQHandler
                0x0000000008002d24                EXTI0_IRQHandler
                0x0000000008002d24                I2C2_EV_IRQHandler
                0x0000000008002d24                DMA1_Stream2_IRQHandler
                0x0000000008002d24                FPU_IRQHandler
                0x0000000008002d24                DMA2_Stream2_IRQHandler
                0x0000000008002d24                SPI1_IRQHandler
                0x0000000008002d24                TIM1_BRK_TIM9_IRQHandler
                0x0000000008002d24                DMA2_Stream3_IRQHandler
                0x0000000008002d24                USART6_IRQHandler
                0x0000000008002d24                DMA2_Stream0_IRQHandler
                0x0000000008002d24                TIM4_IRQHandler
                0x0000000008002d24                I2C1_EV_IRQHandler
                0x0000000008002d24                DMA1_Stream1_IRQHandler
                0x0000000008002d24                TIM3_IRQHandler
                0x0000000008002d24                RCC_IRQHandler
                0x0000000008002d24                Default_Handler
                0x0000000008002d24                ADC_IRQHandler
                0x0000000008002d24                TIM5_IRQHandler
                0x0000000008002d24                DMA2_Stream7_IRQHandler
                0x0000000008002d24                I2C3_EV_IRQHandler
                0x0000000008002d24                RTC_WKUP_IRQHandler
                0x0000000008002d24                SPI2_IRQHandler
                0x0000000008002d24                DMA1_Stream0_IRQHandler
                0x0000000008002d24                WWDG_IRQHandler
                0x0000000008002d24                TIM2_IRQHandler
                0x0000000008002d24                OTG_FS_WKUP_IRQHandler
                0x0000000008002d24                TIM1_TRG_COM_TIM11_IRQHandler
                0x0000000008002d24                EXTI1_IRQHandler
                0x0000000008002d24                USART2_IRQHandler
                0x0000000008002d24                I2C2_ER_IRQHandler
                0x0000000008002d24                DMA2_Stream1_IRQHandler
                0x0000000008002d24                FLASH_IRQHandler
                0x0000000008002d24                DMA2_Stream4_IRQHandler
                0x0000000008002d24                USART1_IRQHandler
                0x0000000008002d24                OTG_FS_IRQHandler
                0x0000000008002d24                SPI3_IRQHandler
                0x0000000008002d24                DMA1_Stream4_IRQHandler
                0x0000000008002d24                I2C1_ER_IRQHandler
                0x0000000008002d24                DMA2_Stream6_IRQHandler
                0x0000000008002d24                DMA1_Stream3_IRQHandler
 *fill*         0x0000000008002d26        0x2 
 .text.HAL_Init
                0x0000000008002d28       0x44 ./Drivers/STM32F4xx_HAL_Driver/Src/stm32f4xx_hal.o
                0x0000000008002d28                HAL_Init
 .text.HAL_InitTick
                0x0000000008002d6c       0x60 ./Drivers/STM32F4xx_HAL_Driver/Src/stm32f4xx_hal.o
                0x0000000008002d6c                HAL_InitTick
 .text.HAL_IncTick
                0x0000000008002dcc       0x28 ./Drivers/STM32F4xx_HAL_Driver/Src/stm32f4xx_hal.o
                0x0000000008002dcc                HAL_IncTick
 .text.HAL_GetTick
                0x0000000008002df4       0x18 ./Drivers/STM32F4xx_HAL_Driver/Src/stm32f4xx_hal.o
                0x0000000008002df4                HAL_GetTick
 .text.HAL_Delay
                0x0000000008002e0c       0x48 ./Drivers/STM32F4xx_HAL_Driver/Src/stm32f4xx_hal.o
                0x0000000008002e0c                HAL_Delay
 .text.__NVIC_SetPriorityGrouping
                0x0000000008002e54       0x48 ./Drivers/STM32F4xx_HAL_Driver/Src/stm32f4xx_hal_cortex.o
 .text.__NVIC_GetPriorityGrouping
                0x0000000008002e9c       0x1c ./Drivers/STM32F4xx_HAL_Driver/Src/stm32f4xx_hal_cortex.o
 .text.__NVIC_EnableIRQ
                0x0000000008002eb8       0x3c ./Drivers/STM32F4xx_HAL_Driver/Src/stm32f4xx_hal_cortex.o
 .text.__NVIC_SetPriority
                0x0000000008002ef4       0x54 ./Drivers/STM32F4xx_HAL_Driver/Src/stm32f4xx_hal_cortex.o
 .text.NVIC_EncodePriority
                0x0000000008002f48       0x66 ./Drivers/STM32F4xx_HAL_Driver/Src/stm32f4xx_hal_cortex.o
 *fill*         0x0000000008002fae        0x2 
 .text.SysTick_Config
                0x0000000008002fb0       0x44 ./Drivers/STM32F4xx_HAL_Driver/Src/stm32f4xx_hal_cortex.o
 .text.HAL_NVIC_SetPriorityGrouping
                0x0000000008002ff4       0x16 ./Drivers/STM32F4xx_HAL_Driver/Src/stm32f4xx_hal_cortex.o
                0x0000000008002ff4                HAL_NVIC_SetPriorityGrouping
 .text.HAL_NVIC_SetPriority
                0x000000000800300a       0x38 ./Drivers/STM32F4xx_HAL_Driver/Src/stm32f4xx_hal_cortex.o
                0x000000000800300a                HAL_NVIC_SetPriority
 .text.HAL_NVIC_EnableIRQ
                0x0000000008003042       0x1c ./Drivers/STM32F4xx_HAL_Driver/Src/stm32f4xx_hal_cortex.o
                0x0000000008003042                HAL_NVIC_EnableIRQ
 .text.HAL_SYSTICK_Config
                0x000000000800305e       0x18 ./Drivers/STM32F4xx_HAL_Driver/Src/stm32f4xx_hal_cortex.o
                0x000000000800305e                HAL_SYSTICK_Config
 *fill*         0x0000000008003076        0x2 
 .text.HAL_DMA_Init
                0x0000000008003078      0x15c ./Drivers/STM32F4xx_HAL_Driver/Src/stm32f4xx_hal_dma.o
                0x0000000008003078                HAL_DMA_Init
 .text.HAL_DMA_IRQHandler
                0x00000000080031d4      0x314 ./Drivers/STM32F4xx_HAL_Driver/Src/stm32f4xx_hal_dma.o
                0x00000000080031d4                HAL_DMA_IRQHandler
 .text.DMA_CalcBaseAndBitshift
                0x00000000080034e8       0x6c ./Drivers/STM32F4xx_HAL_Driver/Src/stm32f4xx_hal_dma.o
 .text.DMA_CheckFifoParam
                0x0000000008003554       0xf8 ./Drivers/STM32F4xx_HAL_Driver/Src/stm32f4xx_hal_dma.o
 .text.HAL_GPIO_Init
                0x000000000800364c      0x308 ./Drivers/STM32F4xx_HAL_Driver/Src/stm32f4xx_hal_gpio.o
                0x000000000800364c                HAL_GPIO_Init
 .text.HAL_GPIO_ReadPin
                0x0000000008003954       0x30 ./Drivers/STM32F4xx_HAL_Driver/Src/stm32f4xx_hal_gpio.o
                0x0000000008003954                HAL_GPIO_ReadPin
 .text.HAL_GPIO_WritePin
                0x0000000008003984       0x32 ./Drivers/STM32F4xx_HAL_Driver/Src/stm32f4xx_hal_gpio.o
                0x0000000008003984                HAL_GPIO_WritePin
 *fill*         0x00000000080039b6        0x2 
 .text.HAL_GPIO_EXTI_IRQHandler
                0x00000000080039b8       0x30 ./Drivers/STM32F4xx_HAL_Driver/Src/stm32f4xx_hal_gpio.o
                0x00000000080039b8                HAL_GPIO_EXTI_IRQHandler
 .text.HAL_RCC_OscConfig
                0x00000000080039e8      0x4f0 ./Drivers/STM32F4xx_HAL_Driver/Src/stm32f4xx_hal_rcc.o
                0x00000000080039e8                HAL_RCC_OscConfig
 .text.HAL_RCC_ClockConfig
                0x0000000008003ed8      0x1cc ./Drivers/STM32F4xx_HAL_Driver/Src/stm32f4xx_hal_rcc.o
                0x0000000008003ed8                HAL_RCC_ClockConfig
 .text.HAL_RCC_GetSysClockFreq
                0x00000000080040a4      0x18c ./Drivers/STM32F4xx_HAL_Driver/Src/stm32f4xx_hal_rcc.o
                0x00000000080040a4                HAL_RCC_GetSysClockFreq
 .text.HAL_SPI_Init
                0x0000000008004230      0x112 ./Drivers/STM32F4xx_HAL_Driver/Src/stm32f4xx_hal_spi.o
                0x0000000008004230                HAL_SPI_Init
 .text.HAL_SPI_Transmit
                0x0000000008004342      0x278 ./Drivers/STM32F4xx_HAL_Driver/Src/stm32f4xx_hal_spi.o
                0x0000000008004342                HAL_SPI_Transmit
 .text.HAL_SPI_Receive
                0x00000000080045ba      0x222 ./Drivers/STM32F4xx_HAL_Driver/Src/stm32f4xx_hal_spi.o
                0x00000000080045ba                HAL_SPI_Receive
 .text.HAL_SPI_TransmitReceive
                0x00000000080047dc      0x344 ./Drivers/STM32F4xx_HAL_Driver/Src/stm32f4xx_hal_spi.o
                0x00000000080047dc                HAL_SPI_TransmitReceive
 .text.SPI_WaitFlagStateUntilTimeout
                0x0000000008004b20      0x110 ./Drivers/STM32F4xx_HAL_Driver/Src/stm32f4xx_hal_spi.o
 .text.SPI_EndRxTransaction
                0x0000000008004c30       0xca ./Drivers/STM32F4xx_HAL_Driver/Src/stm32f4xx_hal_spi.o
 *fill*         0x0000000008004cfa        0x2 
 .text.SPI_EndRxTxTransaction
                0x0000000008004cfc       0x84 ./Drivers/STM32F4xx_HAL_Driver/Src/stm32f4xx_hal_spi.o
 .text.HAL_TIM_Base_Init
                0x0000000008004d80       0x9e ./Drivers/STM32F4xx_HAL_Driver/Src/stm32f4xx_hal_tim.o
                0x0000000008004d80                HAL_TIM_Base_Init
 *fill*         0x0000000008004e1e        0x2 
 .text.HAL_TIM_Base_Start
                0x0000000008004e20       0xb4 ./Drivers/STM32F4xx_HAL_Driver/Src/stm32f4xx_hal_tim.o
                0x0000000008004e20                HAL_TIM_Base_Start
 .text.HAL_TIM_PWM_Init
                0x0000000008004ed4       0x9e ./Drivers/STM32F4xx_HAL_Driver/Src/stm32f4xx_hal_tim.o
                0x0000000008004ed4                HAL_TIM_PWM_Init
 .text.HAL_TIM_PWM_MspInit
                0x0000000008004f72       0x14 ./Drivers/STM32F4xx_HAL_Driver/Src/stm32f4xx_hal_tim.o
                0x0000000008004f72                HAL_TIM_PWM_MspInit
 *fill*         0x0000000008004f86        0x2 
 .text.HAL_TIM_PWM_Start
                0x0000000008004f88      0x160 ./Drivers/STM32F4xx_HAL_Driver/Src/stm32f4xx_hal_tim.o
                0x0000000008004f88                HAL_TIM_PWM_Start
 .text.HAL_TIM_PWM_ConfigChannel
                0x00000000080050e8      0x184 ./Drivers/STM32F4xx_HAL_Driver/Src/stm32f4xx_hal_tim.o
                0x00000000080050e8                HAL_TIM_PWM_ConfigChannel
 .text.HAL_TIM_ConfigClockSource
                0x000000000800526c      0x18e ./Drivers/STM32F4xx_HAL_Driver/Src/stm32f4xx_hal_tim.o
                0x000000000800526c                HAL_TIM_ConfigClockSource
 *fill*         0x00000000080053fa        0x2 
 .text.TIM_Base_SetConfig
                0x00000000080053fc      0x100 ./Drivers/STM32F4xx_HAL_Driver/Src/stm32f4xx_hal_tim.o
                0x00000000080053fc                TIM_Base_SetConfig
 .text.TIM_OC1_SetConfig
                0x00000000080054fc       0xcc ./Drivers/STM32F4xx_HAL_Driver/Src/stm32f4xx_hal_tim.o
 .text.TIM_OC2_SetConfig
                0x00000000080055c8       0xd8 ./Drivers/STM32F4xx_HAL_Driver/Src/stm32f4xx_hal_tim.o
                0x00000000080055c8                TIM_OC2_SetConfig
 .text.TIM_OC3_SetConfig
                0x00000000080056a0       0xd4 ./Drivers/STM32F4xx_HAL_Driver/Src/stm32f4xx_hal_tim.o
 .text.TIM_OC4_SetConfig
                0x0000000008005774       0xa0 ./Drivers/STM32F4xx_HAL_Driver/Src/stm32f4xx_hal_tim.o
 .text.TIM_TI1_ConfigInputStage
                0x0000000008005814       0x5e ./Drivers/STM32F4xx_HAL_Driver/Src/stm32f4xx_hal_tim.o
 .text.TIM_TI2_ConfigInputStage
                0x0000000008005872       0x60 ./Drivers/STM32F4xx_HAL_Driver/Src/stm32f4xx_hal_tim.o
 .text.TIM_ITRx_SetConfig
                0x00000000080058d2       0x36 ./Drivers/STM32F4xx_HAL_Driver/Src/stm32f4xx_hal_tim.o
 .text.TIM_ETR_SetConfig
                0x0000000008005908       0x40 ./Drivers/STM32F4xx_HAL_Driver/Src/stm32f4xx_hal_tim.o
                0x0000000008005908                TIM_ETR_SetConfig
 .text.TIM_CCxChannelCmd
                0x0000000008005948       0x4a ./Drivers/STM32F4xx_HAL_Driver/Src/stm32f4xx_hal_tim.o
                0x0000000008005948                TIM_CCxChannelCmd
 *fill*         0x0000000008005992        0x2 
 .text.HAL_TIMEx_MasterConfigSynchronization
                0x0000000008005994       0xdc ./Drivers/STM32F4xx_HAL_Driver/Src/stm32f4xx_hal_tim_ex.o
                0x0000000008005994                HAL_TIMEx_MasterConfigSynchronization
 .text.__libc_init_array
                0x0000000008005a70       0x48 d:/stem lab/stm32f3/stm32cubeide_1.12.0/stm32cubeide/plugins/com.st.stm32cube.ide.mcu.externaltools.gnu-tools-for-stm32.10.3-2021.10.win32_1.0.200.202301161003/tools/bin/../lib/gcc/arm-none-eabi/10.3.1/../../../../arm-none-eabi/lib/thumb/v7e-m+fp/hard\libc_nano.a(lib_a-init.o)
                0x0000000008005a70                __libc_init_array
 .text.memset   0x0000000008005ab8       0x10 d:/stem lab/stm32f3/stm32cubeide_1.12.0/stm32cubeide/plugins/com.st.stm32cube.ide.mcu.externaltools.gnu-tools-for-stm32.10.3-2021.10.win32_1.0.200.202301161003/tools/bin/../lib/gcc/arm-none-eabi/10.3.1/../../../../arm-none-eabi/lib/thumb/v7e-m+fp/hard\libc_nano.a(lib_a-memset.o)
                0x0000000008005ab8                memset
 *(.glue_7)
 .glue_7        0x0000000008005ac8        0x0 linker stubs
 *(.glue_7t)
 .glue_7t       0x0000000008005ac8        0x0 linker stubs
 *(.eh_frame)
 .eh_frame      0x0000000008005ac8        0x0 d:/stem lab/stm32f3/stm32cubeide_1.12.0/stm32cubeide/plugins/com.st.stm32cube.ide.mcu.externaltools.gnu-tools-for-stm32.10.3-2021.10.win32_1.0.200.202301161003/tools/bin/../lib/gcc/arm-none-eabi/10.3.1/thumb/v7e-m+fp/hard/crtbegin.o
 *(.init)
 .init          0x0000000008005ac8        0x4 d:/stem lab/stm32f3/stm32cubeide_1.12.0/stm32cubeide/plugins/com.st.stm32cube.ide.mcu.externaltools.gnu-tools-for-stm32.10.3-2021.10.win32_1.0.200.202301161003/tools/bin/../lib/gcc/arm-none-eabi/10.3.1/thumb/v7e-m+fp/hard/crti.o
                0x0000000008005ac8                _init
 .init          0x0000000008005acc        0x8 d:/stem lab/stm32f3/stm32cubeide_1.12.0/stm32cubeide/plugins/com.st.stm32cube.ide.mcu.externaltools.gnu-tools-for-stm32.10.3-2021.10.win32_1.0.200.202301161003/tools/bin/../lib/gcc/arm-none-eabi/10.3.1/thumb/v7e-m+fp/hard/crtn.o
 *(.fini)
 .fini          0x0000000008005ad4        0x4 d:/stem lab/stm32f3/stm32cubeide_1.12.0/stm32cubeide/plugins/com.st.stm32cube.ide.mcu.externaltools.gnu-tools-for-stm32.10.3-2021.10.win32_1.0.200.202301161003/tools/bin/../lib/gcc/arm-none-eabi/10.3.1/thumb/v7e-m+fp/hard/crti.o
                0x0000000008005ad4                _fini
 .fini          0x0000000008005ad8        0x8 d:/stem lab/stm32f3/stm32cubeide_1.12.0/stm32cubeide/plugins/com.st.stm32cube.ide.mcu.externaltools.gnu-tools-for-stm32.10.3-2021.10.win32_1.0.200.202301161003/tools/bin/../lib/gcc/arm-none-eabi/10.3.1/thumb/v7e-m+fp/hard/crtn.o
                0x0000000008005ae0                . = ALIGN (0x4)
                0x0000000008005ae0                _etext = .

.vfp11_veneer   0x0000000008005ae0        0x0
 .vfp11_veneer  0x0000000008005ae0        0x0 linker stubs

.v4_bx          0x0000000008005ae0        0x0
 .v4_bx         0x0000000008005ae0        0x0 linker stubs

.iplt           0x0000000008005ae0        0x0
 .iplt          0x0000000008005ae0        0x0 d:/stem lab/stm32f3/stm32cubeide_1.12.0/stm32cubeide/plugins/com.st.stm32cube.ide.mcu.externaltools.gnu-tools-for-stm32.10.3-2021.10.win32_1.0.200.202301161003/tools/bin/../lib/gcc/arm-none-eabi/10.3.1/thumb/v7e-m+fp/hard/crtbegin.o

.rodata         0x0000000008005ae0       0x30
                0x0000000008005ae0                . = ALIGN (0x4)
 *(.rodata)
 .rodata        0x0000000008005ae0       0x15 ./Core/Src/NRF24L01.o
 *(.rodata*)
 *fill*         0x0000000008005af5        0x3 
 .rodata.AHBPrescTable
                0x0000000008005af8       0x10 ./Core/Src/system_stm32f4xx.o
                0x0000000008005af8                AHBPrescTable
 .rodata.flagBitshiftOffset.0
                0x0000000008005b08        0x8 ./Drivers/STM32F4xx_HAL_Driver/Src/stm32f4xx_hal_dma.o
                0x0000000008005b10                . = ALIGN (0x4)

.ARM.extab      0x0000000008005b10        0x0
                0x0000000008005b10                . = ALIGN (0x4)
 *(.ARM.extab* .gnu.linkonce.armextab.*)
                0x0000000008005b10                . = ALIGN (0x4)

.ARM            0x0000000008005b10        0x8
                0x0000000008005b10                . = ALIGN (0x4)
                0x0000000008005b10                __exidx_start = .
 *(.ARM.exidx*)
 .ARM.exidx     0x0000000008005b10        0x8 d:/stem lab/stm32f3/stm32cubeide_1.12.0/stm32cubeide/plugins/com.st.stm32cube.ide.mcu.externaltools.gnu-tools-for-stm32.10.3-2021.10.win32_1.0.200.202301161003/tools/bin/../lib/gcc/arm-none-eabi/10.3.1/thumb/v7e-m+fp/hard\libgcc.a(_udivmoddi4.o)
                0x0000000008005b18                __exidx_end = .
                0x0000000008005b18                . = ALIGN (0x4)

.rel.dyn        0x0000000008005b18        0x0
 .rel.iplt      0x0000000008005b18        0x0 d:/stem lab/stm32f3/stm32cubeide_1.12.0/stm32cubeide/plugins/com.st.stm32cube.ide.mcu.externaltools.gnu-tools-for-stm32.10.3-2021.10.win32_1.0.200.202301161003/tools/bin/../lib/gcc/arm-none-eabi/10.3.1/thumb/v7e-m+fp/hard/crtbegin.o

.preinit_array  0x0000000008005b18        0x0
                0x0000000008005b18                . = ALIGN (0x4)
                0x0000000008005b18                PROVIDE (__preinit_array_start = .)
 *(.preinit_array*)
                0x0000000008005b18                PROVIDE (__preinit_array_end = .)
                0x0000000008005b18                . = ALIGN (0x4)

.init_array     0x0000000008005b18        0x4
                0x0000000008005b18                . = ALIGN (0x4)
                0x0000000008005b18                PROVIDE (__init_array_start = .)
 *(SORT_BY_NAME(.init_array.*))
 *(.init_array*)
 .init_array    0x0000000008005b18        0x4 d:/stem lab/stm32f3/stm32cubeide_1.12.0/stm32cubeide/plugins/com.st.stm32cube.ide.mcu.externaltools.gnu-tools-for-stm32.10.3-2021.10.win32_1.0.200.202301161003/tools/bin/../lib/gcc/arm-none-eabi/10.3.1/thumb/v7e-m+fp/hard/crtbegin.o
                0x0000000008005b1c                PROVIDE (__init_array_end = .)
                0x0000000008005b1c                . = ALIGN (0x4)

.fini_array     0x0000000008005b1c        0x4
                0x0000000008005b1c                . = ALIGN (0x4)
                [!provide]                        PROVIDE (__fini_array_start = .)
 *(SORT_BY_NAME(.fini_array.*))
 *(.fini_array*)
 .fini_array    0x0000000008005b1c        0x4 d:/stem lab/stm32f3/stm32cubeide_1.12.0/stm32cubeide/plugins/com.st.stm32cube.ide.mcu.externaltools.gnu-tools-for-stm32.10.3-2021.10.win32_1.0.200.202301161003/tools/bin/../lib/gcc/arm-none-eabi/10.3.1/thumb/v7e-m+fp/hard/crtbegin.o
                [!provide]                        PROVIDE (__fini_array_end = .)
                0x0000000008005b20                . = ALIGN (0x4)
                0x0000000008005b20                _sidata = LOADADDR (.data)

.data           0x0000000020000000       0x34 load address 0x0000000008005b20
                0x0000000020000000                . = ALIGN (0x4)
                0x0000000020000000                _sdata = .
 *(.data)
 *(.data*)
 .data.Rxaddr   0x0000000020000000        0x5 ./Core/Src/main.o
                0x0000000020000000                Rxaddr
 *fill*         0x0000000020000005        0x3 
 .data.r        0x0000000020000008        0x4 ./Core/Src/main.o
                0x0000000020000008                r
 .data.setpoint
                0x000000002000000c       0x10 ./Core/Src/main.o
                0x000000002000000c                setpoint
 .data.Kp       0x000000002000001c        0x4 ./Core/Src/main.o
                0x000000002000001c                Kp
 .data.Kd       0x0000000020000020        0x4 ./Core/Src/main.o
                0x0000000020000020                Kd
 .data.Ki       0x0000000020000024        0x4 ./Core/Src/main.o
                0x0000000020000024                Ki
 .data.SystemCoreClock
                0x0000000020000028        0x4 ./Core/Src/system_stm32f4xx.o
                0x0000000020000028                SystemCoreClock
 .data.uwTickPrio
                0x000000002000002c        0x4 ./Drivers/STM32F4xx_HAL_Driver/Src/stm32f4xx_hal.o
                0x000000002000002c                uwTickPrio
 .data.uwTickFreq
                0x0000000020000030        0x1 ./Drivers/STM32F4xx_HAL_Driver/Src/stm32f4xx_hal.o
                0x0000000020000030                uwTickFreq
 *(.RamFunc)
 *(.RamFunc*)
                0x0000000020000034                . = ALIGN (0x4)
 *fill*         0x0000000020000031        0x3 
                0x0000000020000034                _edata = .

.igot.plt       0x0000000020000034        0x0 load address 0x0000000008005b54
 .igot.plt      0x0000000020000034        0x0 d:/stem lab/stm32f3/stm32cubeide_1.12.0/stm32cubeide/plugins/com.st.stm32cube.ide.mcu.externaltools.gnu-tools-for-stm32.10.3-2021.10.win32_1.0.200.202301161003/tools/bin/../lib/gcc/arm-none-eabi/10.3.1/thumb/v7e-m+fp/hard/crtbegin.o
                0x0000000020000034                . = ALIGN (0x4)

.bss            0x0000000020000038      0x3f4 load address 0x0000000008005b54
                0x0000000020000038                _sbss = .
                0x0000000020000038                __bss_start__ = _sbss
 *(.bss)
 .bss           0x0000000020000038       0x1c d:/stem lab/stm32f3/stm32cubeide_1.12.0/stm32cubeide/plugins/com.st.stm32cube.ide.mcu.externaltools.gnu-tools-for-stm32.10.3-2021.10.win32_1.0.200.202301161003/tools/bin/../lib/gcc/arm-none-eabi/10.3.1/thumb/v7e-m+fp/hard/crtbegin.o
 *(.bss*)
 .bss.RxData    0x0000000020000054        0x8 ./Core/Src/main.o
                0x0000000020000054                RxData
 .bss.lastTime  0x000000002000005c        0x4 ./Core/Src/main.o
                0x000000002000005c                lastTime
 .bss.Vx        0x0000000020000060        0x4 ./Core/Src/main.o
                0x0000000020000060                Vx
 .bss.Vy        0x0000000020000064        0x4 ./Core/Src/main.o
                0x0000000020000064                Vy
 .bss.Omega     0x0000000020000068        0x4 ./Core/Src/main.o
                0x0000000020000068                Omega
 .bss.V0        0x000000002000006c        0x4 ./Core/Src/main.o
                0x000000002000006c                V0
 .bss.V1        0x0000000020000070        0x4 ./Core/Src/main.o
                0x0000000020000070                V1
 .bss.V2        0x0000000020000074        0x4 ./Core/Src/main.o
                0x0000000020000074                V2
 .bss.V3        0x0000000020000078        0x4 ./Core/Src/main.o
                0x0000000020000078                V3
 .bss.encoder1  0x000000002000007c       0x10 ./Core/Src/main.o
                0x000000002000007c                encoder1
 .bss.encoder2  0x000000002000008c       0x10 ./Core/Src/main.o
                0x000000002000008c                encoder2
 .bss.last_encoder1
                0x000000002000009c       0x10 ./Core/Src/main.o
                0x000000002000009c                last_encoder1
 .bss.last_encoder2
                0x00000000200000ac       0x10 ./Core/Src/main.o
                0x00000000200000ac                last_encoder2
 .bss.last_count
                0x00000000200000bc       0x10 ./Core/Src/main.o
                0x00000000200000bc                last_count
 .bss.counter   0x00000000200000cc       0x10 ./Core/Src/main.o
                0x00000000200000cc                counter
 .bss.count     0x00000000200000dc       0x10 ./Core/Src/main.o
                0x00000000200000dc                count
 .bss.last_time
                0x00000000200000ec       0x10 ./Core/Src/main.o
                0x00000000200000ec                last_time
 .bss.T         0x00000000200000fc       0x10 ./Core/Src/main.o
                0x00000000200000fc                T
 .bss.RPM       0x000000002000010c       0x10 ./Core/Src/main.o
                0x000000002000010c                RPM
 .bss.RPS       0x000000002000011c       0x10 ./Core/Src/main.o
                0x000000002000011c                RPS
 .bss.count_second
                0x000000002000012c       0x10 ./Core/Src/main.o
                0x000000002000012c                count_second
 .bss.last_time_PID
                0x000000002000013c       0x10 ./Core/Src/main.o
                0x000000002000013c                last_time_PID
 .bss.current_time_PID
                0x000000002000014c       0x10 ./Core/Src/main.o
                0x000000002000014c                current_time_PID
 .bss.eslapedtime
                0x000000002000015c       0x10 ./Core/Src/main.o
                0x000000002000015c                eslapedtime
 .bss.last_Error
                0x000000002000016c       0x10 ./Core/Src/main.o
                0x000000002000016c                last_Error
 .bss.in        0x000000002000017c       0x10 ./Core/Src/main.o
                0x000000002000017c                in
 .bss.dev       0x000000002000018c       0x10 ./Core/Src/main.o
                0x000000002000018c                dev
 *fill*         0x000000002000019c        0x4 
 .bss.error     0x00000000200001a0       0x20 ./Core/Src/main.o
                0x00000000200001a0                error
 .bss.pid       0x00000000200001c0       0x20 ./Core/Src/main.o
                0x00000000200001c0                pid
 .bss.pwm_M     0x00000000200001e0       0x10 ./Core/Src/main.o
                0x00000000200001e0                pwm_M
 .bss.hspi1     0x00000000200001f0       0x58 ./Core/Src/spi.o
                0x00000000200001f0                hspi1
 .bss.htim1     0x0000000020000248       0x48 ./Core/Src/tim.o
                0x0000000020000248                htim1
 .bss.htim2     0x0000000020000290       0x48 ./Core/Src/tim.o
                0x0000000020000290                htim2
 .bss.htim3     0x00000000200002d8       0x48 ./Core/Src/tim.o
                0x00000000200002d8                htim3
 .bss.htim4     0x0000000020000320       0x48 ./Core/Src/tim.o
                0x0000000020000320                htim4
 .bss.hdma_tim4_ch3
                0x0000000020000368       0x60 ./Core/Src/tim.o
                0x0000000020000368                hdma_tim4_ch3
 .bss.hdma_tim4_up
                0x00000000200003c8       0x60 ./Core/Src/tim.o
                0x00000000200003c8                hdma_tim4_up
 .bss.uwTick    0x0000000020000428        0x4 ./Drivers/STM32F4xx_HAL_Driver/Src/stm32f4xx_hal.o
                0x0000000020000428                uwTick
 *(COMMON)
                0x000000002000042c                . = ALIGN (0x4)
                0x000000002000042c                _ebss = .
                0x000000002000042c                __bss_end__ = _ebss

._user_heap_stack
                0x000000002000042c      0x604 load address 0x0000000008005b54
                0x0000000020000430                . = ALIGN (0x8)
 *fill*         0x000000002000042c        0x4 
                [!provide]                        PROVIDE (end = .)
                0x0000000020000430                PROVIDE (_end = .)
                0x0000000020000630                . = (. + _Min_Heap_Size)
 *fill*         0x0000000020000430      0x200 
                0x0000000020000a30                . = (. + _Min_Stack_Size)
 *fill*         0x0000000020000630      0x400 
                0x0000000020000a30                . = ALIGN (0x8)

/DISCARD/
 libc.a(*)
 libm.a(*)
 libgcc.a(*)

.ARM.attributes
                0x0000000000000000       0x30
 *(.ARM.attributes)
 .ARM.attributes
                0x0000000000000000       0x1e d:/stem lab/stm32f3/stm32cubeide_1.12.0/stm32cubeide/plugins/com.st.stm32cube.ide.mcu.externaltools.gnu-tools-for-stm32.10.3-2021.10.win32_1.0.200.202301161003/tools/bin/../lib/gcc/arm-none-eabi/10.3.1/thumb/v7e-m+fp/hard/crti.o
 .ARM.attributes
                0x000000000000001e       0x34 d:/stem lab/stm32f3/stm32cubeide_1.12.0/stm32cubeide/plugins/com.st.stm32cube.ide.mcu.externaltools.gnu-tools-for-stm32.10.3-2021.10.win32_1.0.200.202301161003/tools/bin/../lib/gcc/arm-none-eabi/10.3.1/thumb/v7e-m+fp/hard/crtbegin.o
 .ARM.attributes
                0x0000000000000052       0x34 ./Core/Src/NRF24L01.o
 .ARM.attributes
                0x0000000000000086       0x34 ./Core/Src/dma.o
 .ARM.attributes
                0x00000000000000ba       0x34 ./Core/Src/gpio.o
 .ARM.attributes
                0x00000000000000ee       0x34 ./Core/Src/main.o
 .ARM.attributes
                0x0000000000000122       0x34 ./Core/Src/spi.o
 .ARM.attributes
                0x0000000000000156       0x34 ./Core/Src/stm32f4xx_hal_msp.o
 .ARM.attributes
                0x000000000000018a       0x34 ./Core/Src/stm32f4xx_it.o
 .ARM.attributes
                0x00000000000001be       0x34 ./Core/Src/system_stm32f4xx.o
 .ARM.attributes
                0x00000000000001f2       0x34 ./Core/Src/tim.o
 .ARM.attributes
                0x0000000000000226       0x21 ./Core/Startup/startup_stm32f401ccux.o
 .ARM.attributes
                0x0000000000000247       0x34 ./Drivers/STM32F4xx_HAL_Driver/Src/stm32f4xx_hal.o
 .ARM.attributes
                0x000000000000027b       0x34 ./Drivers/STM32F4xx_HAL_Driver/Src/stm32f4xx_hal_cortex.o
 .ARM.attributes
                0x00000000000002af       0x34 ./Drivers/STM32F4xx_HAL_Driver/Src/stm32f4xx_hal_dma.o
 .ARM.attributes
                0x00000000000002e3       0x34 ./Drivers/STM32F4xx_HAL_Driver/Src/stm32f4xx_hal_gpio.o
 .ARM.attributes
                0x0000000000000317       0x34 ./Drivers/STM32F4xx_HAL_Driver/Src/stm32f4xx_hal_rcc.o
 .ARM.attributes
                0x000000000000034b       0x34 ./Drivers/STM32F4xx_HAL_Driver/Src/stm32f4xx_hal_spi.o
 .ARM.attributes
                0x000000000000037f       0x34 ./Drivers/STM32F4xx_HAL_Driver/Src/stm32f4xx_hal_tim.o
 .ARM.attributes
                0x00000000000003b3       0x34 ./Drivers/STM32F4xx_HAL_Driver/Src/stm32f4xx_hal_tim_ex.o
 .ARM.attributes
                0x00000000000003e7       0x34 d:/stem lab/stm32f3/stm32cubeide_1.12.0/stm32cubeide/plugins/com.st.stm32cube.ide.mcu.externaltools.gnu-tools-for-stm32.10.3-2021.10.win32_1.0.200.202301161003/tools/bin/../lib/gcc/arm-none-eabi/10.3.1/../../../../arm-none-eabi/lib/thumb/v7e-m+fp/hard\libc_nano.a(lib_a-init.o)
 .ARM.attributes
                0x000000000000041b       0x34 d:/stem lab/stm32f3/stm32cubeide_1.12.0/stm32cubeide/plugins/com.st.stm32cube.ide.mcu.externaltools.gnu-tools-for-stm32.10.3-2021.10.win32_1.0.200.202301161003/tools/bin/../lib/gcc/arm-none-eabi/10.3.1/../../../../arm-none-eabi/lib/thumb/v7e-m+fp/hard\libc_nano.a(lib_a-memset.o)
 .ARM.attributes
                0x000000000000044f       0x1e d:/stem lab/stm32f3/stm32cubeide_1.12.0/stm32cubeide/plugins/com.st.stm32cube.ide.mcu.externaltools.gnu-tools-for-stm32.10.3-2021.10.win32_1.0.200.202301161003/tools/bin/../lib/gcc/arm-none-eabi/10.3.1/thumb/v7e-m+fp/hard\libgcc.a(_arm_addsubdf3.o)
 .ARM.attributes
                0x000000000000046d       0x1e d:/stem lab/stm32f3/stm32cubeide_1.12.0/stm32cubeide/plugins/com.st.stm32cube.ide.mcu.externaltools.gnu-tools-for-stm32.10.3-2021.10.win32_1.0.200.202301161003/tools/bin/../lib/gcc/arm-none-eabi/10.3.1/thumb/v7e-m+fp/hard\libgcc.a(_arm_muldivdf3.o)
 .ARM.attributes
                0x000000000000048b       0x1e d:/stem lab/stm32f3/stm32cubeide_1.12.0/stm32cubeide/plugins/com.st.stm32cube.ide.mcu.externaltools.gnu-tools-for-stm32.10.3-2021.10.win32_1.0.200.202301161003/tools/bin/../lib/gcc/arm-none-eabi/10.3.1/thumb/v7e-m+fp/hard\libgcc.a(_arm_cmpdf2.o)
 .ARM.attributes
                0x00000000000004a9       0x1e d:/stem lab/stm32f3/stm32cubeide_1.12.0/stm32cubeide/plugins/com.st.stm32cube.ide.mcu.externaltools.gnu-tools-for-stm32.10.3-2021.10.win32_1.0.200.202301161003/tools/bin/../lib/gcc/arm-none-eabi/10.3.1/thumb/v7e-m+fp/hard\libgcc.a(_arm_fixdfsi.o)
 .ARM.attributes
                0x00000000000004c7       0x1e d:/stem lab/stm32f3/stm32cubeide_1.12.0/stm32cubeide/plugins/com.st.stm32cube.ide.mcu.externaltools.gnu-tools-for-stm32.10.3-2021.10.win32_1.0.200.202301161003/tools/bin/../lib/gcc/arm-none-eabi/10.3.1/thumb/v7e-m+fp/hard\libgcc.a(_arm_truncdfsf2.o)
 .ARM.attributes
                0x00000000000004e5       0x1e d:/stem lab/stm32f3/stm32cubeide_1.12.0/stm32cubeide/plugins/com.st.stm32cube.ide.mcu.externaltools.gnu-tools-for-stm32.10.3-2021.10.win32_1.0.200.202301161003/tools/bin/../lib/gcc/arm-none-eabi/10.3.1/thumb/v7e-m+fp/hard\libgcc.a(_aeabi_uldivmod.o)
 .ARM.attributes
                0x0000000000000503       0x34 d:/stem lab/stm32f3/stm32cubeide_1.12.0/stm32cubeide/plugins/com.st.stm32cube.ide.mcu.externaltools.gnu-tools-for-stm32.10.3-2021.10.win32_1.0.200.202301161003/tools/bin/../lib/gcc/arm-none-eabi/10.3.1/thumb/v7e-m+fp/hard\libgcc.a(_udivmoddi4.o)
 .ARM.attributes
                0x0000000000000537       0x1e d:/stem lab/stm32f3/stm32cubeide_1.12.0/stm32cubeide/plugins/com.st.stm32cube.ide.mcu.externaltools.gnu-tools-for-stm32.10.3-2021.10.win32_1.0.200.202301161003/tools/bin/../lib/gcc/arm-none-eabi/10.3.1/thumb/v7e-m+fp/hard\libgcc.a(_dvmd_tls.o)
 .ARM.attributes
                0x0000000000000555       0x1e d:/stem lab/stm32f3/stm32cubeide_1.12.0/stm32cubeide/plugins/com.st.stm32cube.ide.mcu.externaltools.gnu-tools-for-stm32.10.3-2021.10.win32_1.0.200.202301161003/tools/bin/../lib/gcc/arm-none-eabi/10.3.1/thumb/v7e-m+fp/hard/crtn.o
OUTPUT(Test nrf24l01 Rx.elf elf32-littlearm)
LOAD linker stubs
LOAD d:/stem lab/stm32f3/stm32cubeide_1.12.0/stm32cubeide/plugins/com.st.stm32cube.ide.mcu.externaltools.gnu-tools-for-stm32.10.3-2021.10.win32_1.0.200.202301161003/tools/bin/../lib/gcc/arm-none-eabi/10.3.1/../../../../arm-none-eabi/lib/thumb/v7e-m+fp/hard\libc.a
LOAD d:/stem lab/stm32f3/stm32cubeide_1.12.0/stm32cubeide/plugins/com.st.stm32cube.ide.mcu.externaltools.gnu-tools-for-stm32.10.3-2021.10.win32_1.0.200.202301161003/tools/bin/../lib/gcc/arm-none-eabi/10.3.1/../../../../arm-none-eabi/lib/thumb/v7e-m+fp/hard\libm.a
LOAD d:/stem lab/stm32f3/stm32cubeide_1.12.0/stm32cubeide/plugins/com.st.stm32cube.ide.mcu.externaltools.gnu-tools-for-stm32.10.3-2021.10.win32_1.0.200.202301161003/tools/bin/../lib/gcc/arm-none-eabi/10.3.1/thumb/v7e-m+fp/hard\libgcc.a

.debug_info     0x0000000000000000     0xd79d
 .debug_info    0x0000000000000000      0xb6f ./Core/Src/NRF24L01.o
 .debug_info    0x0000000000000b6f      0x482 ./Core/Src/dma.o
 .debug_info    0x0000000000000ff1      0x668 ./Core/Src/gpio.o
 .debug_info    0x0000000000001659     0x122b ./Core/Src/main.o
 .debug_info    0x0000000000002884      0xa0f ./Core/Src/spi.o
 .debug_info    0x0000000000003293      0x2d4 ./Core/Src/stm32f4xx_hal_msp.o
 .debug_info    0x0000000000003567      0x476 ./Core/Src/stm32f4xx_it.o
 .debug_info    0x00000000000039dd      0x54f ./Core/Src/system_stm32f4xx.o
 .debug_info    0x0000000000003f2c      0xe85 ./Core/Src/tim.o
 .debug_info    0x0000000000004db1       0x22 ./Core/Startup/startup_stm32f401ccux.o
 .debug_info    0x0000000000004dd3      0x906 ./Drivers/STM32F4xx_HAL_Driver/Src/stm32f4xx_hal.o
 .debug_info    0x00000000000056d9      0xd85 ./Drivers/STM32F4xx_HAL_Driver/Src/stm32f4xx_hal_cortex.o
 .debug_info    0x000000000000645e      0x947 ./Drivers/STM32F4xx_HAL_Driver/Src/stm32f4xx_hal_dma.o
 .debug_info    0x0000000000006da5      0x78e ./Drivers/STM32F4xx_HAL_Driver/Src/stm32f4xx_hal_gpio.o
 .debug_info    0x0000000000007533      0x98c ./Drivers/STM32F4xx_HAL_Driver/Src/stm32f4xx_hal_rcc.o
 .debug_info    0x0000000000007ebf     0x1750 ./Drivers/STM32F4xx_HAL_Driver/Src/stm32f4xx_hal_spi.o
 .debug_info    0x000000000000960f     0x2bb6 ./Drivers/STM32F4xx_HAL_Driver/Src/stm32f4xx_hal_tim.o
 .debug_info    0x000000000000c1c5     0x15d8 ./Drivers/STM32F4xx_HAL_Driver/Src/stm32f4xx_hal_tim_ex.o

.debug_abbrev   0x0000000000000000     0x2327
 .debug_abbrev  0x0000000000000000      0x29d ./Core/Src/NRF24L01.o
 .debug_abbrev  0x000000000000029d      0x10a ./Core/Src/dma.o
 .debug_abbrev  0x00000000000003a7      0x164 ./Core/Src/gpio.o
 .debug_abbrev  0x000000000000050b      0x37f ./Core/Src/main.o
 .debug_abbrev  0x000000000000088a      0x1e0 ./Core/Src/spi.o
 .debug_abbrev  0x0000000000000a6a       0xd4 ./Core/Src/stm32f4xx_hal_msp.o
 .debug_abbrev  0x0000000000000b3e      0x15f ./Core/Src/stm32f4xx_it.o
 .debug_abbrev  0x0000000000000c9d      0x116 ./Core/Src/system_stm32f4xx.o
 .debug_abbrev  0x0000000000000db3      0x233 ./Core/Src/tim.o
 .debug_abbrev  0x0000000000000fe6       0x12 ./Core/Startup/startup_stm32f401ccux.o
 .debug_abbrev  0x0000000000000ff8      0x23e ./Drivers/STM32F4xx_HAL_Driver/Src/stm32f4xx_hal.o
 .debug_abbrev  0x0000000000001236      0x316 ./Drivers/STM32F4xx_HAL_Driver/Src/stm32f4xx_hal_cortex.o
 .debug_abbrev  0x000000000000154c      0x21b ./Drivers/STM32F4xx_HAL_Driver/Src/stm32f4xx_hal_dma.o
 .debug_abbrev  0x0000000000001767      0x1c4 ./Drivers/STM32F4xx_HAL_Driver/Src/stm32f4xx_hal_gpio.o
 .debug_abbrev  0x000000000000192b      0x2aa ./Drivers/STM32F4xx_HAL_Driver/Src/stm32f4xx_hal_rcc.o
 .debug_abbrev  0x0000000000001bd5      0x26e ./Drivers/STM32F4xx_HAL_Driver/Src/stm32f4xx_hal_spi.o
 .debug_abbrev  0x0000000000001e43      0x26e ./Drivers/STM32F4xx_HAL_Driver/Src/stm32f4xx_hal_tim.o
 .debug_abbrev  0x00000000000020b1      0x276 ./Drivers/STM32F4xx_HAL_Driver/Src/stm32f4xx_hal_tim_ex.o

.debug_aranges  0x0000000000000000      0xd38
 .debug_aranges
                0x0000000000000000       0x90 ./Core/Src/NRF24L01.o
 .debug_aranges
                0x0000000000000090       0x20 ./Core/Src/dma.o
 .debug_aranges
                0x00000000000000b0       0x20 ./Core/Src/gpio.o
 .debug_aranges
                0x00000000000000d0       0x68 ./Core/Src/main.o
 .debug_aranges
                0x0000000000000138       0x30 ./Core/Src/spi.o
 .debug_aranges
                0x0000000000000168       0x20 ./Core/Src/stm32f4xx_hal_msp.o
 .debug_aranges
                0x0000000000000188       0x90 ./Core/Src/stm32f4xx_it.o
 .debug_aranges
                0x0000000000000218       0x28 ./Core/Src/system_stm32f4xx.o
 .debug_aranges
                0x0000000000000240       0x50 ./Core/Src/tim.o
 .debug_aranges
                0x0000000000000290       0x28 ./Core/Startup/startup_stm32f401ccux.o
 .debug_aranges
                0x00000000000002b8       0xf0 ./Drivers/STM32F4xx_HAL_Driver/Src/stm32f4xx_hal.o
 .debug_aranges
                0x00000000000003a8      0x118 ./Drivers/STM32F4xx_HAL_Driver/Src/stm32f4xx_hal_cortex.o
 .debug_aranges
                0x00000000000004c0       0x90 ./Drivers/STM32F4xx_HAL_Driver/Src/stm32f4xx_hal_dma.o
 .debug_aranges
                0x0000000000000550       0x58 ./Drivers/STM32F4xx_HAL_Driver/Src/stm32f4xx_hal_gpio.o
 .debug_aranges
                0x00000000000005a8       0x88 ./Drivers/STM32F4xx_HAL_Driver/Src/stm32f4xx_hal_rcc.o
 .debug_aranges
                0x0000000000000630      0x1d0 ./Drivers/STM32F4xx_HAL_Driver/Src/stm32f4xx_hal_spi.o
 .debug_aranges
                0x0000000000000800      0x3d0 ./Drivers/STM32F4xx_HAL_Driver/Src/stm32f4xx_hal_tim.o
 .debug_aranges
                0x0000000000000bd0      0x168 ./Drivers/STM32F4xx_HAL_Driver/Src/stm32f4xx_hal_tim_ex.o

.debug_ranges   0x0000000000000000      0xc20
 .debug_ranges  0x0000000000000000       0x80 ./Core/Src/NRF24L01.o
 .debug_ranges  0x0000000000000080       0x10 ./Core/Src/dma.o
 .debug_ranges  0x0000000000000090       0x10 ./Core/Src/gpio.o
 .debug_ranges  0x00000000000000a0       0x58 ./Core/Src/main.o
 .debug_ranges  0x00000000000000f8       0x20 ./Core/Src/spi.o
 .debug_ranges  0x0000000000000118       0x10 ./Core/Src/stm32f4xx_hal_msp.o
 .debug_ranges  0x0000000000000128       0x80 ./Core/Src/stm32f4xx_it.o
 .debug_ranges  0x00000000000001a8       0x18 ./Core/Src/system_stm32f4xx.o
 .debug_ranges  0x00000000000001c0       0x40 ./Core/Src/tim.o
 .debug_ranges  0x0000000000000200       0x20 ./Core/Startup/startup_stm32f401ccux.o
 .debug_ranges  0x0000000000000220       0xe0 ./Drivers/STM32F4xx_HAL_Driver/Src/stm32f4xx_hal.o
 .debug_ranges  0x0000000000000300      0x108 ./Drivers/STM32F4xx_HAL_Driver/Src/stm32f4xx_hal_cortex.o
 .debug_ranges  0x0000000000000408       0x80 ./Drivers/STM32F4xx_HAL_Driver/Src/stm32f4xx_hal_dma.o
 .debug_ranges  0x0000000000000488       0x48 ./Drivers/STM32F4xx_HAL_Driver/Src/stm32f4xx_hal_gpio.o
 .debug_ranges  0x00000000000004d0       0x78 ./Drivers/STM32F4xx_HAL_Driver/Src/stm32f4xx_hal_rcc.o
 .debug_ranges  0x0000000000000548      0x1c0 ./Drivers/STM32F4xx_HAL_Driver/Src/stm32f4xx_hal_spi.o
 .debug_ranges  0x0000000000000708      0x3c0 ./Drivers/STM32F4xx_HAL_Driver/Src/stm32f4xx_hal_tim.o
 .debug_ranges  0x0000000000000ac8      0x158 ./Drivers/STM32F4xx_HAL_Driver/Src/stm32f4xx_hal_tim_ex.o

.debug_macro    0x0000000000000000    0x16a10
 .debug_macro   0x0000000000000000      0x213 ./Core/Src/NRF24L01.o
 .debug_macro   0x0000000000000213      0xa78 ./Core/Src/NRF24L01.o
 .debug_macro   0x0000000000000c8b      0x29b ./Core/Src/NRF24L01.o
 .debug_macro   0x0000000000000f26       0x2e ./Core/Src/NRF24L01.o
 .debug_macro   0x0000000000000f54       0x28 ./Core/Src/NRF24L01.o
 .debug_macro   0x0000000000000f7c       0x22 ./Core/Src/NRF24L01.o
 .debug_macro   0x0000000000000f9e       0x8e ./Core/Src/NRF24L01.o
 .debug_macro   0x000000000000102c       0x51 ./Core/Src/NRF24L01.o
 .debug_macro   0x000000000000107d      0x103 ./Core/Src/NRF24L01.o
 .debug_macro   0x0000000000001180       0x6a ./Core/Src/NRF24L01.o
 .debug_macro   0x00000000000011ea      0x1df ./Core/Src/NRF24L01.o
 .debug_macro   0x00000000000013c9       0x1c ./Core/Src/NRF24L01.o
 .debug_macro   0x00000000000013e5       0x22 ./Core/Src/NRF24L01.o
 .debug_macro   0x0000000000001407       0xd9 ./Core/Src/NRF24L01.o
 .debug_macro   0x00000000000014e0     0x102d ./Core/Src/NRF24L01.o
 .debug_macro   0x000000000000250d      0x11f ./Core/Src/NRF24L01.o
 .debug_macro   0x000000000000262c     0xb86c ./Core/Src/NRF24L01.o
 .debug_macro   0x000000000000de98       0x6d ./Core/Src/NRF24L01.o
 .debug_macro   0x000000000000df05     0x367e ./Core/Src/NRF24L01.o
 .debug_macro   0x0000000000011583      0x174 ./Core/Src/NRF24L01.o
 .debug_macro   0x00000000000116f7       0x5c ./Core/Src/NRF24L01.o
 .debug_macro   0x0000000000011753      0x416 ./Core/Src/NRF24L01.o
 .debug_macro   0x0000000000011b69      0x9fe ./Core/Src/NRF24L01.o
 .debug_macro   0x0000000000012567      0x115 ./Core/Src/NRF24L01.o
 .debug_macro   0x000000000001267c       0xf8 ./Core/Src/NRF24L01.o
 .debug_macro   0x0000000000012774       0xa5 ./Core/Src/NRF24L01.o
 .debug_macro   0x0000000000012819      0x15f ./Core/Src/NRF24L01.o
 .debug_macro   0x0000000000012978      0x287 ./Core/Src/NRF24L01.o
 .debug_macro   0x0000000000012bff       0x5f ./Core/Src/NRF24L01.o
 .debug_macro   0x0000000000012c5e      0x236 ./Core/Src/NRF24L01.o
 .debug_macro   0x0000000000012e94      0x132 ./Core/Src/NRF24L01.o
 .debug_macro   0x0000000000012fc6      0x23a ./Core/Src/NRF24L01.o
 .debug_macro   0x0000000000013200       0x2e ./Core/Src/NRF24L01.o
 .debug_macro   0x000000000001322e      0x11a ./Core/Src/NRF24L01.o
 .debug_macro   0x0000000000013348       0x85 ./Core/Src/NRF24L01.o
 .debug_macro   0x00000000000133cd       0x89 ./Core/Src/NRF24L01.o
 .debug_macro   0x0000000000013456      0x225 ./Core/Src/NRF24L01.o
 .debug_macro   0x000000000001367b      0x8e6 ./Core/Src/NRF24L01.o
 .debug_macro   0x0000000000013f61       0x47 ./Core/Src/NRF24L01.o
 .debug_macro   0x0000000000013fa8      0x126 ./Core/Src/NRF24L01.o
 .debug_macro   0x00000000000140ce       0xe8 ./Core/Src/NRF24L01.o
 .debug_macro   0x00000000000141b6      0x1e7 ./Core/Src/dma.o
 .debug_macro   0x000000000001439d       0x40 ./Core/Src/dma.o
 .debug_macro   0x00000000000143dd      0x1e7 ./Core/Src/gpio.o
 .debug_macro   0x00000000000145c4      0x374 ./Core/Src/main.o
 .debug_macro   0x0000000000014938       0x52 ./Core/Src/main.o
 .debug_macro   0x000000000001498a       0x1e ./Core/Src/main.o
 .debug_macro   0x00000000000149a8       0x3c ./Core/Src/main.o
 .debug_macro   0x00000000000149e4       0x34 ./Core/Src/main.o
 .debug_macro   0x0000000000014a18       0x16 ./Core/Src/main.o
 .debug_macro   0x0000000000014a2e       0x43 ./Core/Src/main.o
 .debug_macro   0x0000000000014a71       0x34 ./Core/Src/main.o
 .debug_macro   0x0000000000014aa5       0x10 ./Core/Src/main.o
 .debug_macro   0x0000000000014ab5       0x58 ./Core/Src/main.o
 .debug_macro   0x0000000000014b0d       0x71 ./Core/Src/main.o
 .debug_macro   0x0000000000014b7e       0x1c ./Core/Src/main.o
 .debug_macro   0x0000000000014b9a      0x12a ./Core/Src/main.o
 .debug_macro   0x0000000000014cc4      0x341 ./Core/Src/main.o
 .debug_macro   0x0000000000015005      0x19b ./Core/Src/main.o
 .debug_macro   0x00000000000151a0      0x1e7 ./Core/Src/spi.o
 .debug_macro   0x0000000000015387      0x1dd ./Core/Src/stm32f4xx_hal_msp.o
 .debug_macro   0x0000000000015564      0x1e7 ./Core/Src/stm32f4xx_it.o
 .debug_macro   0x000000000001574b      0x1ce ./Core/Src/system_stm32f4xx.o
 .debug_macro   0x0000000000015919      0x1e7 ./Core/Src/tim.o
 .debug_macro   0x0000000000015b00      0x22e ./Drivers/STM32F4xx_HAL_Driver/Src/stm32f4xx_hal.o
 .debug_macro   0x0000000000015d2e      0x1ce ./Drivers/STM32F4xx_HAL_Driver/Src/stm32f4xx_hal_cortex.o
 .debug_macro   0x0000000000015efc      0x1d4 ./Drivers/STM32F4xx_HAL_Driver/Src/stm32f4xx_hal_dma.o
 .debug_macro   0x00000000000160d0      0x1d4 ./Drivers/STM32F4xx_HAL_Driver/Src/stm32f4xx_hal_gpio.o
 .debug_macro   0x00000000000162a4      0x1f2 ./Drivers/STM32F4xx_HAL_Driver/Src/stm32f4xx_hal_rcc.o
 .debug_macro   0x0000000000016496      0x1dd ./Drivers/STM32F4xx_HAL_Driver/Src/stm32f4xx_hal_spi.o
 .debug_macro   0x0000000000016673      0x1cf ./Drivers/STM32F4xx_HAL_Driver/Src/stm32f4xx_hal_tim.o
 .debug_macro   0x0000000000016842      0x1ce ./Drivers/STM32F4xx_HAL_Driver/Src/stm32f4xx_hal_tim_ex.o

.debug_line     0x0000000000000000     0xf9c3
 .debug_line    0x0000000000000000      0x9a4 ./Core/Src/NRF24L01.o
 .debug_line    0x00000000000009a4      0x728 ./Core/Src/dma.o
 .debug_line    0x00000000000010cc      0x77c ./Core/Src/gpio.o
 .debug_line    0x0000000000001848      0xd65 ./Core/Src/main.o
 .debug_line    0x00000000000025ad      0x79c ./Core/Src/spi.o
 .debug_line    0x0000000000002d49      0x72a ./Core/Src/stm32f4xx_hal_msp.o
 .debug_line    0x0000000000003473      0x881 ./Core/Src/stm32f4xx_it.o
 .debug_line    0x0000000000003cf4      0x7ac ./Core/Src/system_stm32f4xx.o
 .debug_line    0x00000000000044a0      0xa56 ./Core/Src/tim.o
 .debug_line    0x0000000000004ef6       0x88 ./Core/Startup/startup_stm32f401ccux.o
 .debug_line    0x0000000000004f7e      0xa12 ./Drivers/STM32F4xx_HAL_Driver/Src/stm32f4xx_hal.o
 .debug_line    0x0000000000005990      0xcc1 ./Drivers/STM32F4xx_HAL_Driver/Src/stm32f4xx_hal_cortex.o
 .debug_line    0x0000000000006651      0xf76 ./Drivers/STM32F4xx_HAL_Driver/Src/stm32f4xx_hal_dma.o
 .debug_line    0x00000000000075c7      0xb4a ./Drivers/STM32F4xx_HAL_Driver/Src/stm32f4xx_hal_gpio.o
 .debug_line    0x0000000000008111      0xd8c ./Drivers/STM32F4xx_HAL_Driver/Src/stm32f4xx_hal_rcc.o
 .debug_line    0x0000000000008e9d     0x1c9c ./Drivers/STM32F4xx_HAL_Driver/Src/stm32f4xx_hal_spi.o
 .debug_line    0x000000000000ab39     0x34e0 ./Drivers/STM32F4xx_HAL_Driver/Src/stm32f4xx_hal_tim.o
 .debug_line    0x000000000000e019     0x19aa ./Drivers/STM32F4xx_HAL_Driver/Src/stm32f4xx_hal_tim_ex.o

.debug_str      0x0000000000000000    0x8cb8f
 .debug_str     0x0000000000000000    0x85b06 ./Core/Src/NRF24L01.o
                                      0x85e14 (size before relaxing)
 .debug_str     0x0000000000085b06      0x5d7 ./Core/Src/dma.o
                                      0x8598d (size before relaxing)
 .debug_str     0x00000000000860dd       0x6a ./Core/Src/gpio.o
                                      0x85a5b (size before relaxing)
 .debug_str     0x0000000000086147     0x3ed6 ./Core/Src/main.o
                                      0x89898 (size before relaxing)
 .debug_str     0x000000000008a01d       0x5b ./Core/Src/spi.o
                                      0x85b29 (size before relaxing)
 .debug_str     0x000000000008a078       0x2c ./Core/Src/stm32f4xx_hal_msp.o
                                      0x855d2 (size before relaxing)
 .debug_str     0x000000000008a0a4      0x18a ./Core/Src/stm32f4xx_it.o
                                      0x8587b (size before relaxing)
 .debug_str     0x000000000008a22e       0xdb ./Core/Src/system_stm32f4xx.o
                                      0x855a2 (size before relaxing)
 .debug_str     0x000000000008a309      0x20c ./Core/Src/tim.o
                                      0x85e2d (size before relaxing)
 .debug_str     0x000000000008a515       0x36 ./Core/Startup/startup_stm32f401ccux.o
                                         0x63 (size before relaxing)
 .debug_str     0x000000000008a54b      0x5f7 ./Drivers/STM32F4xx_HAL_Driver/Src/stm32f4xx_hal.o
                                      0x85fc4 (size before relaxing)
 .debug_str     0x000000000008ab42      0x341 ./Drivers/STM32F4xx_HAL_Driver/Src/stm32f4xx_hal_cortex.o
                                      0x85ce5 (size before relaxing)
 .debug_str     0x000000000008ae83      0x2e6 ./Drivers/STM32F4xx_HAL_Driver/Src/stm32f4xx_hal_dma.o
                                      0x859aa (size before relaxing)
 .debug_str     0x000000000008b169       0xd7 ./Drivers/STM32F4xx_HAL_Driver/Src/stm32f4xx_hal_gpio.o
                                      0x8571d (size before relaxing)
 .debug_str     0x000000000008b240      0x233 ./Drivers/STM32F4xx_HAL_Driver/Src/stm32f4xx_hal_rcc.o
                                      0x859d6 (size before relaxing)
 .debug_str     0x000000000008b473      0x54b ./Drivers/STM32F4xx_HAL_Driver/Src/stm32f4xx_hal_spi.o
                                      0x85e54 (size before relaxing)
 .debug_str     0x000000000008b9be      0xd3e ./Drivers/STM32F4xx_HAL_Driver/Src/stm32f4xx_hal_tim.o
                                      0x8690a (size before relaxing)
 .debug_str     0x000000000008c6fc      0x493 ./Drivers/STM32F4xx_HAL_Driver/Src/stm32f4xx_hal_tim_ex.o
                                      0x86126 (size before relaxing)

.comment        0x0000000000000000       0x50
 .comment       0x0000000000000000       0x50 ./Core/Src/NRF24L01.o
                                         0x51 (size before relaxing)
 .comment       0x0000000000000050       0x51 ./Core/Src/dma.o
 .comment       0x0000000000000050       0x51 ./Core/Src/gpio.o
 .comment       0x0000000000000050       0x51 ./Core/Src/main.o
 .comment       0x0000000000000050       0x51 ./Core/Src/spi.o
 .comment       0x0000000000000050       0x51 ./Core/Src/stm32f4xx_hal_msp.o
 .comment       0x0000000000000050       0x51 ./Core/Src/stm32f4xx_it.o
 .comment       0x0000000000000050       0x51 ./Core/Src/system_stm32f4xx.o
 .comment       0x0000000000000050       0x51 ./Core/Src/tim.o
 .comment       0x0000000000000050       0x51 ./Drivers/STM32F4xx_HAL_Driver/Src/stm32f4xx_hal.o
 .comment       0x0000000000000050       0x51 ./Drivers/STM32F4xx_HAL_Driver/Src/stm32f4xx_hal_cortex.o
 .comment       0x0000000000000050       0x51 ./Drivers/STM32F4xx_HAL_Driver/Src/stm32f4xx_hal_dma.o
 .comment       0x0000000000000050       0x51 ./Drivers/STM32F4xx_HAL_Driver/Src/stm32f4xx_hal_gpio.o
 .comment       0x0000000000000050       0x51 ./Drivers/STM32F4xx_HAL_Driver/Src/stm32f4xx_hal_rcc.o
 .comment       0x0000000000000050       0x51 ./Drivers/STM32F4xx_HAL_Driver/Src/stm32f4xx_hal_spi.o
 .comment       0x0000000000000050       0x51 ./Drivers/STM32F4xx_HAL_Driver/Src/stm32f4xx_hal_tim.o
 .comment       0x0000000000000050       0x51 ./Drivers/STM32F4xx_HAL_Driver/Src/stm32f4xx_hal_tim_ex.o

.debug_frame    0x0000000000000000     0x3820
 .debug_frame   0x0000000000000000      0x224 ./Core/Src/NRF24L01.o
 .debug_frame   0x0000000000000224       0x34 ./Core/Src/dma.o
 .debug_frame   0x0000000000000258       0x34 ./Core/Src/gpio.o
 .debug_frame   0x000000000000028c      0x170 ./Core/Src/main.o
 .debug_frame   0x00000000000003fc       0x74 ./Core/Src/spi.o
 .debug_frame   0x0000000000000470       0x38 ./Core/Src/stm32f4xx_hal_msp.o
 .debug_frame   0x00000000000004a8      0x1ac ./Core/Src/stm32f4xx_it.o
 .debug_frame   0x0000000000000654       0x58 ./Core/Src/system_stm32f4xx.o
 .debug_frame   0x00000000000006ac      0x10c ./Core/Src/tim.o
 .debug_frame   0x00000000000007b8      0x374 ./Drivers/STM32F4xx_HAL_Driver/Src/stm32f4xx_hal.o
 .debug_frame   0x0000000000000b2c      0x498 ./Drivers/STM32F4xx_HAL_Driver/Src/stm32f4xx_hal_cortex.o
 .debug_frame   0x0000000000000fc4      0x250 ./Drivers/STM32F4xx_HAL_Driver/Src/stm32f4xx_hal_dma.o
 .debug_frame   0x0000000000001214      0x14c ./Drivers/STM32F4xx_HAL_Driver/Src/stm32f4xx_hal_gpio.o
 .debug_frame   0x0000000000001360      0x1f4 ./Drivers/STM32F4xx_HAL_Driver/Src/stm32f4xx_hal_rcc.o
 .debug_frame   0x0000000000001554      0x824 ./Drivers/STM32F4xx_HAL_Driver/Src/stm32f4xx_hal_spi.o
 .debug_frame   0x0000000000001d78     0x11bc ./Drivers/STM32F4xx_HAL_Driver/Src/stm32f4xx_hal_tim.o
 .debug_frame   0x0000000000002f34      0x638 ./Drivers/STM32F4xx_HAL_Driver/Src/stm32f4xx_hal_tim_ex.o
 .debug_frame   0x000000000000356c       0x2c d:/stem lab/stm32f3/stm32cubeide_1.12.0/stm32cubeide/plugins/com.st.stm32cube.ide.mcu.externaltools.gnu-tools-for-stm32.10.3-2021.10.win32_1.0.200.202301161003/tools/bin/../lib/gcc/arm-none-eabi/10.3.1/../../../../arm-none-eabi/lib/thumb/v7e-m+fp/hard\libc_nano.a(lib_a-init.o)
 .debug_frame   0x0000000000003598       0x20 d:/stem lab/stm32f3/stm32cubeide_1.12.0/stm32cubeide/plugins/com.st.stm32cube.ide.mcu.externaltools.gnu-tools-for-stm32.10.3-2021.10.win32_1.0.200.202301161003/tools/bin/../lib/gcc/arm-none-eabi/10.3.1/../../../../arm-none-eabi/lib/thumb/v7e-m+fp/hard\libc_nano.a(lib_a-memset.o)
 .debug_frame   0x00000000000035b8       0xac d:/stem lab/stm32f3/stm32cubeide_1.12.0/stm32cubeide/plugins/com.st.stm32cube.ide.mcu.externaltools.gnu-tools-for-stm32.10.3-2021.10.win32_1.0.200.202301161003/tools/bin/../lib/gcc/arm-none-eabi/10.3.1/thumb/v7e-m+fp/hard\libgcc.a(_arm_addsubdf3.o)
 .debug_frame   0x0000000000003664       0x50 d:/stem lab/stm32f3/stm32cubeide_1.12.0/stm32cubeide/plugins/com.st.stm32cube.ide.mcu.externaltools.gnu-tools-for-stm32.10.3-2021.10.win32_1.0.200.202301161003/tools/bin/../lib/gcc/arm-none-eabi/10.3.1/thumb/v7e-m+fp/hard\libgcc.a(_arm_muldivdf3.o)
 .debug_frame   0x00000000000036b4       0xc4 d:/stem lab/stm32f3/stm32cubeide_1.12.0/stm32cubeide/plugins/com.st.stm32cube.ide.mcu.externaltools.gnu-tools-for-stm32.10.3-2021.10.win32_1.0.200.202301161003/tools/bin/../lib/gcc/arm-none-eabi/10.3.1/thumb/v7e-m+fp/hard\libgcc.a(_arm_cmpdf2.o)
 .debug_frame   0x0000000000003778       0x24 d:/stem lab/stm32f3/stm32cubeide_1.12.0/stm32cubeide/plugins/com.st.stm32cube.ide.mcu.externaltools.gnu-tools-for-stm32.10.3-2021.10.win32_1.0.200.202301161003/tools/bin/../lib/gcc/arm-none-eabi/10.3.1/thumb/v7e-m+fp/hard\libgcc.a(_arm_fixdfsi.o)
 .debug_frame   0x000000000000379c       0x24 d:/stem lab/stm32f3/stm32cubeide_1.12.0/stm32cubeide/plugins/com.st.stm32cube.ide.mcu.externaltools.gnu-tools-for-stm32.10.3-2021.10.win32_1.0.200.202301161003/tools/bin/../lib/gcc/arm-none-eabi/10.3.1/thumb/v7e-m+fp/hard\libgcc.a(_arm_truncdfsf2.o)
 .debug_frame   0x00000000000037c0       0x2c d:/stem lab/stm32f3/stm32cubeide_1.12.0/stm32cubeide/plugins/com.st.stm32cube.ide.mcu.externaltools.gnu-tools-for-stm32.10.3-2021.10.win32_1.0.200.202301161003/tools/bin/../lib/gcc/arm-none-eabi/10.3.1/thumb/v7e-m+fp/hard\libgcc.a(_aeabi_uldivmod.o)
 .debug_frame   0x00000000000037ec       0x34 d:/stem lab/stm32f3/stm32cubeide_1.12.0/stm32cubeide/plugins/com.st.stm32cube.ide.mcu.externaltools.gnu-tools-for-stm32.10.3-2021.10.win32_1.0.200.202301161003/tools/bin/../lib/gcc/arm-none-eabi/10.3.1/thumb/v7e-m+fp/hard\libgcc.a(_udivmoddi4.o)
