../Core/Src/main.c:155:8:map	56	static
../Core/Src/main.c:161:6:HAL_GPIO_EXTI_Callback	16	static
../Core/Src/main.c:180:6:Kinematic_Omni_Wheels	24	static
../Core/Src/main.c:189:6:Encoder_M	16	static
../Core/Src/main.c:232:6:PID_Speed_Output	32	static
../Core/Src/main.c:298:6:Motor_Speed	4	static
../Core/Src/main.c:356:6:reset_data	4	static
../Core/Src/main.c:378:5:main	8	static
../Core/Src/main.c:473:6:SystemClock_Config	88	static
../Core/Src/main.c:522:6:Error_Handler	4	static,ignoring_inline_asm
